 GetINSCompensateFromVNS_mex

 Timestamp is 557a75e5 (Fri Jun 12 14:02:13 2015)

 Preferred load address is 0000000180000000

 Start         Length     Name                   Class
 0001:00000000 0000c0e2H .text                   CODE
 0001:0000c0f0 00000092H .text$x                 CODE
 0002:00000000 000002a8H .idata$5                DATA
 0002:000002a8 00000008H .CRT$XCA                DATA
 0002:000002b0 00000008H .CRT$XCZ                DATA
 0002:000002b8 00000008H .CRT$XIA                DATA
 0002:000002c0 00000008H .CRT$XIAA               DATA
 0002:000002c8 00000008H .CRT$XIZ                DATA
 0002:000002d0 00000d50H .rdata                  DATA
 0002:00001020 00000008H .rtc$IAA                DATA
 0002:00001028 00000008H .rtc$IZZ                DATA
 0002:00001030 00000008H .rtc$TAA                DATA
 0002:00001038 00000008H .rtc$TZZ                DATA
 0002:00001040 00000500H .xdata                  DATA
 0002:00001540 00000064H .idata$2                DATA
 0002:000015a4 00000014H .idata$3                DATA
 0002:000015b8 000002a8H .idata$4                DATA
 0002:00001860 00000722H .idata$6                DATA
 0002:00001f90 00000081H .edata                  DATA
 0003:00000000 00000238H .data                   DATA
 0003:00000240 000005c8H .bss                    DATA
 0004:00000000 000003e4H .pdata                  DATA

  Address         Publics by Value              Rva+Base               Lib:Object

 0000:00000000       ___safe_se_handler_count   0000000000000000     <absolute>
 0000:00000000       ___safe_se_handler_table   0000000000000000     <absolute>
 0000:00000000       __ImageBase                0000000180000000     <linker-defined>
 0001:00001530       ?GetINSCompensateFromVNS_atexit@@YAXXZ 0000000180002530 f   GetINSCompensateFromVNS.obj
 0001:00001590       ?GetINSCompensateFromVNS_initialize@@YAXPEAUemlrtContext@@@Z 0000000180002590 f   GetINSCompensateFromVNS.obj
 0001:00001610       ?GetINSCompensateFromVNS_terminate@@YAXXZ 0000000180002610 f   GetINSCompensateFromVNS.obj
 0001:00003df0       ?GetINSCompensateFromVNS@@YAXPEBUemlrtStack@@PEBUstruct0_T@@PEBUemxArray_struct1_T@@NPEAU2@PEAU3@PEANPEAUstruct2_T@@@Z 0000000180004df0 f   GetINSCompensateFromVNS.obj
 0001:000051d0       ?GetINSCompensateFromVNS_api@@YAXQEBQEBUmxArray_tag@@QEAPEBU1@@Z 00000001800061d0 f   GetINSCompensateFromVNS.obj
 0001:00005ed0       ?GetINSCompensateFromVNS_atexit_wrapper@@YAXXZ 0000000180006ed0 f   _coder_GetINSCompensateFromVNS_mex.obj
 0001:00005ee0       mexFunction                0000000180006ee0 f   _coder_GetINSCompensateFromVNS_mex.obj
 0001:0000b430       emlrtMexFcnProperties      000000018000c430 f   _coder_GetINSCompensateFromVNS_info.obj
 0001:0000b5e8       mxGetPr                    000000018000c5e8 f   libmx:libmx.dll
 0001:0000b5ee       mxGetData                  000000018000c5ee f   libmx:libmx.dll
 0001:0000b5f4       mxCreateDoubleScalar       000000018000c5f4 f   libmx:libmx.dll
 0001:0000b5fa       mxSetFieldByNumber_700     000000018000c5fa f   libmx:libmx.dll
 0001:0000b600       mxCreateString             000000018000c600 f   libmx:libmx.dll
 0001:0000b606       mxCreateLogicalMatrix_700  000000018000c606 f   libmx:libmx.dll
 0001:0000b60c       mxCreateStructMatrix_700   000000018000c60c f   libmx:libmx.dll
 0001:0000b612       mexAtExit                  000000018000c612 f   libmex:libmex.dll
 0001:0000b618       emlrtAssign                000000018000c618 f   libemlrt:libemlrt.dll
 0001:0000b61e       emlrtCreateNumericArray    000000018000c61e f   libemlrt:libemlrt.dll
 0001:0000b624       emlrtCreateDoubleScalar    000000018000c624 f   libemlrt:libemlrt.dll
 0001:0000b62a       emlrtFreeMex               000000018000c62a f   libemlrt:libemlrt.dll
 0001:0000b630       emlrtHeapAllocationErrorR2012b 000000018000c630 f   libemlrt:libemlrt.dll
 0001:0000b636       emlrtCallocMex             000000018000c636 f   libemlrt:libemlrt.dll
 0001:0000b63c       emlrtSizeMulR2012b         000000018000c63c f   libemlrt:libemlrt.dll
 0001:0000b642       emlrtPushHeapReferenceStackR2012b 000000018000c642 f   libemlrt:libemlrt.dll
 0001:0000b648       emlrtMallocMex             000000018000c648 f   libemlrt:libemlrt.dll
 0001:0000b64e       emlrtHeapReferenceStackLeaveFcnR2012b 000000018000c64e f   libemlrt:libemlrt.dll
 0001:0000b654       emlrtInitCharArrayR2013a   000000018000c654 f   libemlrt:libemlrt.dll
 0001:0000b65a       emlrtCreateCharArray       000000018000c65a f   libemlrt:libemlrt.dll
 0001:0000b660       emlrtCreateNumericMatrix   000000018000c660 f   libemlrt:libemlrt.dll
 0001:0000b666       emlrtAddField              000000018000c666 f   libemlrt:libemlrt.dll
 0001:0000b66c       emlrtCreateField           000000018000c66c f   libemlrt:libemlrt.dll
 0001:0000b672       emlrtCreateStructArray     000000018000c672 f   libemlrt:libemlrt.dll
 0001:0000b678       emlrtHeapReferenceStackEnterFcnR2012b 000000018000c678 f   libemlrt:libemlrt.dll
 0001:0000b67e       emlrtCreateStructMatrix    000000018000c67e f   libemlrt:libemlrt.dll
 0001:0000b684       emlrtDestroyArray          000000018000c684 f   libemlrt:libemlrt.dll
 0001:0000b68a       emlrtImportArrayR2011b     000000018000c68a f   libemlrt:libemlrt.dll
 0001:0000b690       emlrtCheckVsBuiltInR2012b  000000018000c690 f   libemlrt:libemlrt.dll
 0001:0000b696       emlrtCheckBuiltInR2012b    000000018000c696 f   libemlrt:libemlrt.dll
 0001:0000b69c       emlrtDestroyRootTLS        000000018000c69c f   libemlrt:libemlrt.dll
 0001:0000b6a2       emlrtLeaveRtStackR2012b    000000018000c6a2 f   libemlrt:libemlrt.dll
 0001:0000b6a8       emlrtEnterRtStackR2012b    000000018000c6a8 f   libemlrt:libemlrt.dll
 0001:0000b6ae       emlrtCreateRootTLS         000000018000c6ae f   libemlrt:libemlrt.dll
 0001:0000b6b4       emlrtFirstTimeR2012b       000000018000c6b4 f   libemlrt:libemlrt.dll
 0001:0000b6ba       emlrtClearAllocCountR2012b 000000018000c6ba f   libemlrt:libemlrt.dll
 0001:0000b6c0       emlrtGetBreakCheckFlagAddressR2012b 000000018000c6c0 f   libemlrt:libemlrt.dll
 0001:0000b6c6       emlrtAlias                 000000018000c6c6 f   libemlrt:libemlrt.dll
 0001:0000b6cc       emlrtGetFieldR2013a        000000018000c6cc f   libemlrt:libemlrt.dll
 0001:0000b6d2       emlrtCheckStructR2012b     000000018000c6d2 f   libemlrt:libemlrt.dll
 0001:0000b6d8       emlrtCheckVsStructR2012b   000000018000c6d8 f   libemlrt:libemlrt.dll
 0001:0000b6de       emlrtDynamicBoundsCheckR2012b 000000018000c6de f   libemlrt:libemlrt.dll
 0001:0000b6e4       emlrtAliasP                000000018000c6e4 f   libemlrt:libemlrt.dll
 0001:0000b6ea       emlrtReturnArrayR2009a     000000018000c6ea f   libemlrt:libemlrt.dll
 0001:0000b6f0       emlrtErrMsgIdAndTxt        000000018000c6f0 f   libemlrt:libemlrt.dll
 0001:0000b6f6       emlrtCreateString          000000018000c6f6 f   libemlrt:libemlrt.dll
 0001:0000b6fc       emlrtCreateCellMatrix      000000018000c6fc f   libemlrt:libemlrt.dll
 0001:0000b702       emlrtNameCapturePostProcessR2013b 000000018000c702 f   libemlrt:libemlrt.dll
 0001:0000b708       memcpy                     000000018000c708 f   MSVCRT:MSVCR100.dll
 0001:0000b710       __GSHandlerCheckCommon     000000018000c710 f   MSVCRT:gshandler.obj
 0001:0000b774       __GSHandlerCheck           000000018000c774 f   MSVCRT:gshandler.obj
 0001:0000b7b0       __security_check_cookie    000000018000c7b0 f   MSVCRT:amdsecgs.obj
 0001:0000b7e0       __chkstk                   000000018000c7e0 f   MSVCRT:chkstk.obj
 0001:0000b7e0       _alloca_probe              000000018000c7e0     MSVCRT:chkstk.obj
 0001:0000b890       _CRT_INIT                  000000018000c890 f   MSVCRT:crtdll.obj
 0001:0000bc28       _DllMainCRTStartup         000000018000cc28 f   MSVCRT:crtdll.obj
 0001:0000bc68       __report_gsfailure         000000018000cc68 f   MSVCRT:gs_report.obj
 0001:0000bdb4       __clean_type_info_names    000000018000cdb4 f   MSVCRT:tncleanup.obj
 0001:0000bdc0       _onexit                    000000018000cdc0 f   MSVCRT:atonexit.obj
 0001:0000be70       atexit                     000000018000ce70 f   MSVCRT:atonexit.obj
 0001:0000be88       _RTC_Initialize            000000018000ce88 f   MSVCRT:_initsect_.obj
 0001:0000bec0       _RTC_Terminate             000000018000cec0 f   MSVCRT:_initsect_.obj
 0001:0000bf00       _ValidateImageBase         000000018000cf00 f   MSVCRT:pesect.obj
 0001:0000bf30       _FindPESection             000000018000cf30 f   MSVCRT:pesect.obj
 0001:0000bf80       _IsNonwritableInCurrentImage 000000018000cf80 f   MSVCRT:pesect.obj
 0001:0000bfc2       _initterm                  000000018000cfc2 f   MSVCRT:MSVCR100.dll
 0001:0000bfc8       _initterm_e                000000018000cfc8 f   MSVCRT:MSVCR100.dll
 0001:0000bfce       _amsg_exit                 000000018000cfce f   MSVCRT:MSVCR100.dll
 0001:0000bfd4       __C_specific_handler       000000018000cfd4 f   MSVCRT:MSVCR100.dll
 0001:0000bfda       __CppXcptFilter            000000018000cfda f   MSVCRT:MSVCR100.dll
 0001:0000bfe0       DllMain                    000000018000cfe0 f   MSVCRT:dllmain.obj
 0001:0000c004       __security_init_cookie     000000018000d004 f   MSVCRT:gs_support.obj
 0001:0000c0b8       __crt_debugger_hook        000000018000d0b8 f   MSVCRT:MSVCR100.dll
 0001:0000c0be       __clean_type_info_names_internal 000000018000d0be f   MSVCRT:MSVCR100.dll
 0001:0000c0c4       _unlock                    000000018000d0c4 f   MSVCRT:MSVCR100.dll
 0001:0000c0ca       __dllonexit                000000018000d0ca f   MSVCRT:MSVCR100.dll
 0001:0000c0d0       _lock                      000000018000d0d0 f   MSVCRT:MSVCR100.dll
 0001:0000c0d6       RtlVirtualUnwind           000000018000d0d6 f   kernel32:KERNEL32.dll
 0001:0000c0dc       RtlLookupFunctionEntry     000000018000d0dc f   kernel32:KERNEL32.dll
 0002:00000000       __imp_GetSystemTimeAsFileTime 000000018000e000     kernel32:KERNEL32.dll
 0002:00000008       __imp_GetCurrentProcessId  000000018000e008     kernel32:KERNEL32.dll
 0002:00000010       __imp_GetCurrentThreadId   000000018000e010     kernel32:KERNEL32.dll
 0002:00000018       __imp_GetTickCount         000000018000e018     kernel32:KERNEL32.dll
 0002:00000020       __imp_QueryPerformanceCounter 000000018000e020     kernel32:KERNEL32.dll
 0002:00000028       __imp_DisableThreadLibraryCalls 000000018000e028     kernel32:KERNEL32.dll
 0002:00000030       __imp_RtlCaptureContext    000000018000e030     kernel32:KERNEL32.dll
 0002:00000038       __imp_RtlLookupFunctionEntry 000000018000e038     kernel32:KERNEL32.dll
 0002:00000040       __imp_RtlVirtualUnwind     000000018000e040     kernel32:KERNEL32.dll
 0002:00000048       __imp_SetUnhandledExceptionFilter 000000018000e048     kernel32:KERNEL32.dll
 0002:00000050       __imp_UnhandledExceptionFilter 000000018000e050     kernel32:KERNEL32.dll
 0002:00000058       __imp_GetCurrentProcess    000000018000e058     kernel32:KERNEL32.dll
 0002:00000060       __imp_TerminateProcess     000000018000e060     kernel32:KERNEL32.dll
 0002:00000068       __imp_Sleep                000000018000e068     kernel32:KERNEL32.dll
 0002:00000070       __imp_DecodePointer        000000018000e070     kernel32:KERNEL32.dll
 0002:00000078       __imp_EncodePointer        000000018000e078     kernel32:KERNEL32.dll
 0002:00000080       __imp_IsDebuggerPresent    000000018000e080     kernel32:KERNEL32.dll
 0002:00000088       \177KERNEL32_NULL_THUNK_DATA 000000018000e088     kernel32:KERNEL32.dll
 0002:00000090       __imp__onexit              000000018000e090     MSVCRT:MSVCR100.dll
 0002:00000098       __imp___dllonexit          000000018000e098     MSVCRT:MSVCR100.dll
 0002:000000a0       __imp__unlock              000000018000e0a0     MSVCRT:MSVCR100.dll
 0002:000000a8       __imp___clean_type_info_names_internal 000000018000e0a8     MSVCRT:MSVCR100.dll
 0002:000000b0       __imp___crt_debugger_hook  000000018000e0b0     MSVCRT:MSVCR100.dll
 0002:000000b8       __imp___CppXcptFilter      000000018000e0b8     MSVCRT:MSVCR100.dll
 0002:000000c0       __imp___C_specific_handler 000000018000e0c0     MSVCRT:MSVCR100.dll
 0002:000000c8       __imp__amsg_exit           000000018000e0c8     MSVCRT:MSVCR100.dll
 0002:000000d0       __imp__encoded_null        000000018000e0d0     MSVCRT:MSVCR100.dll
 0002:000000d8       __imp_free                 000000018000e0d8     MSVCRT:MSVCR100.dll
 0002:000000e0       __imp__initterm_e          000000018000e0e0     MSVCRT:MSVCR100.dll
 0002:000000e8       __imp__initterm            000000018000e0e8     MSVCRT:MSVCR100.dll
 0002:000000f0       __imp__malloc_crt          000000018000e0f0     MSVCRT:MSVCR100.dll
 0002:000000f8       __imp_memcpy               000000018000e0f8     MSVCRT:MSVCR100.dll
 0002:00000100       __imp__lock                000000018000e100     MSVCRT:MSVCR100.dll
 0002:00000108       \177MSVCR100_NULL_THUNK_DATA 000000018000e108     MSVCRT:MSVCR100.dll
 0002:00000110       __imp_emlrtEnterRtStackR2012b 000000018000e110     libemlrt:libemlrt.dll
 0002:00000118       __imp_emlrtCreateRootTLS   000000018000e118     libemlrt:libemlrt.dll
 0002:00000120       __imp_emlrtFirstTimeR2012b 000000018000e120     libemlrt:libemlrt.dll
 0002:00000128       __imp_emlrtPushHeapReferenceStackR2012b 000000018000e128     libemlrt:libemlrt.dll
 0002:00000130       __imp_emlrtGetBreakCheckFlagAddressR2012b 000000018000e130     libemlrt:libemlrt.dll
 0002:00000138       __imp_emlrtAlias           000000018000e138     libemlrt:libemlrt.dll
 0002:00000140       __imp_emlrtGetFieldR2013a  000000018000e140     libemlrt:libemlrt.dll
 0002:00000148       __imp_emlrtCheckStructR2012b 000000018000e148     libemlrt:libemlrt.dll
 0002:00000150       __imp_emlrtLeaveRtStackR2012b 000000018000e150     libemlrt:libemlrt.dll
 0002:00000158       __imp_emlrtDynamicBoundsCheckR2012b 000000018000e158     libemlrt:libemlrt.dll
 0002:00000160       __imp_emlrtAliasP          000000018000e160     libemlrt:libemlrt.dll
 0002:00000168       __imp_emlrtReturnArrayR2009a 000000018000e168     libemlrt:libemlrt.dll
 0002:00000170       __imp_emlrtErrMsgIdAndTxt  000000018000e170     libemlrt:libemlrt.dll
 0002:00000178       __imp_emlrtCreateString    000000018000e178     libemlrt:libemlrt.dll
 0002:00000180       __imp_emlrtCreateCellMatrix 000000018000e180     libemlrt:libemlrt.dll
 0002:00000188       __imp_emlrtNameCapturePostProcessR2013b 000000018000e188     libemlrt:libemlrt.dll
 0002:00000190       __imp_emlrtDestroyRootTLS  000000018000e190     libemlrt:libemlrt.dll
 0002:00000198       __imp_emlrtCheckBuiltInR2012b 000000018000e198     libemlrt:libemlrt.dll
 0002:000001a0       __imp_emlrtCheckVsBuiltInR2012b 000000018000e1a0     libemlrt:libemlrt.dll
 0002:000001a8       __imp_emlrtImportArrayR2011b 000000018000e1a8     libemlrt:libemlrt.dll
 0002:000001b0       __imp_emlrtDestroyArray    000000018000e1b0     libemlrt:libemlrt.dll
 0002:000001b8       __imp_emlrtCreateStructMatrix 000000018000e1b8     libemlrt:libemlrt.dll
 0002:000001c0       __imp_emlrtHeapReferenceStackEnterFcnR2012b 000000018000e1c0     libemlrt:libemlrt.dll
 0002:000001c8       __imp_emlrtCreateStructArray 000000018000e1c8     libemlrt:libemlrt.dll
 0002:000001d0       __imp_emlrtCreateField     000000018000e1d0     libemlrt:libemlrt.dll
 0002:000001d8       __imp_emlrtAddField        000000018000e1d8     libemlrt:libemlrt.dll
 0002:000001e0       __imp_emlrtCreateNumericMatrix 000000018000e1e0     libemlrt:libemlrt.dll
 0002:000001e8       __imp_emlrtCreateCharArray 000000018000e1e8     libemlrt:libemlrt.dll
 0002:000001f0       __imp_emlrtInitCharArrayR2013a 000000018000e1f0     libemlrt:libemlrt.dll
 0002:000001f8       __imp_emlrtHeapReferenceStackLeaveFcnR2012b 000000018000e1f8     libemlrt:libemlrt.dll
 0002:00000200       __imp_emlrtCheckVsStructR2012b 000000018000e200     libemlrt:libemlrt.dll
 0002:00000208       __imp_emlrtMallocMex       000000018000e208     libemlrt:libemlrt.dll
 0002:00000210       __imp_emlrtSizeMulR2012b   000000018000e210     libemlrt:libemlrt.dll
 0002:00000218       __imp_emlrtCallocMex       000000018000e218     libemlrt:libemlrt.dll
 0002:00000220       __imp_emlrtHeapAllocationErrorR2012b 000000018000e220     libemlrt:libemlrt.dll
 0002:00000228       __imp_emlrtFreeMex         000000018000e228     libemlrt:libemlrt.dll
 0002:00000230       __imp_emlrtCreateDoubleScalar 000000018000e230     libemlrt:libemlrt.dll
 0002:00000238       __imp_emlrtCreateNumericArray 000000018000e238     libemlrt:libemlrt.dll
 0002:00000240       __imp_emlrtAssign          000000018000e240     libemlrt:libemlrt.dll
 0002:00000248       __imp_emlrtClearAllocCountR2012b 000000018000e248     libemlrt:libemlrt.dll
 0002:00000250       \177libemlrt_NULL_THUNK_DATA 000000018000e250     libemlrt:libemlrt.dll
 0002:00000258       __imp_mexAtExit            000000018000e258     libmex:libmex.dll
 0002:00000260       \177libmex_NULL_THUNK_DATA 000000018000e260     libmex:libmex.dll
 0002:00000268       __imp_mxCreateStructMatrix_700 000000018000e268     libmx:libmx.dll
 0002:00000270       __imp_mxCreateLogicalMatrix_700 000000018000e270     libmx:libmx.dll
 0002:00000278       __imp_mxCreateString       000000018000e278     libmx:libmx.dll
 0002:00000280       __imp_mxSetFieldByNumber_700 000000018000e280     libmx:libmx.dll
 0002:00000288       __imp_mxCreateDoubleScalar 000000018000e288     libmx:libmx.dll
 0002:00000290       __imp_mxGetData            000000018000e290     libmx:libmx.dll
 0002:00000298       __imp_mxGetPr              000000018000e298     libmx:libmx.dll
 0002:000002a0       \177libmx_NULL_THUNK_DATA  000000018000e2a0     libmx:libmx.dll
 0002:000002a8       __xc_a                     000000018000e2a8     MSVCRT:cinitexe.obj
 0002:000002b0       __xc_z                     000000018000e2b0     MSVCRT:cinitexe.obj
 0002:000002b8       __xi_a                     000000018000e2b8     MSVCRT:cinitexe.obj
 0002:000002c8       __xi_z                     000000018000e2c8     MSVCRT:cinitexe.obj
 0002:000002d0       ??_C@_0N@KMHBOC@otherMakers1?$AA@ 000000018000e2d0     GetINSCompensateFromVNS.obj
 0002:000002e0       ??_C@_0BL@BADMHFMB@InertialData?4HipQuaternion?$AA@ 000000018000e2e0     GetINSCompensateFromVNS.obj
 0002:00000300       ??_C@_0BJ@JANINALG@InertialData?4HipPosition?$AA@ 000000018000e300     GetINSCompensateFromVNS.obj
 0002:00000319       ??_C@_00CNPNBAHC@?$AA@     000000018000e319     GetINSCompensateFromVNS.obj
 0002:00000320       ??_C@_0CD@FJJNLKJJ@_coder_GetINSCompensateFromVNS_a@ 000000018000e320     GetINSCompensateFromVNS.obj
 0002:00000350       ??_C@_0EO@MEIAJJGF@E?3?2document?5and?5program?2program_@ 000000018000e350     GetINSCompensateFromVNS.obj
 0002:000003a0       ??_C@_0BI@PCNBFJJI@GetINSCompensateFromVNS?$AA@ 000000018000e3a0     GetINSCompensateFromVNS.obj
 0002:000003b8       ??_C@_0P@EIFAJPB@ContinuesLastK?$AA@ 000000018000e3b8     GetINSCompensateFromVNS.obj
 0002:000003c8       ??_C@_0BC@EANKKEO@ContinuesLastTime?$AA@ 000000018000e3c8     GetINSCompensateFromVNS.obj
 0002:000003e0       ??_C@_0BG@DEMOAGDN@ContinuesLastPosition?$AA@ 000000018000e3e0     GetINSCompensateFromVNS.obj
 0002:000003f8       ??_C@_0O@HJLGIKGO@ContinuesFlag?$AA@ 000000018000e3f8     GetINSCompensateFromVNS.obj
 0002:00000408       ??_C@_09FMDBDILP@MarkerSet?$AA@ 000000018000e408     GetINSCompensateFromVNS.obj
 0002:00000414       ??_C@_04CLCEDBPF@time?$AA@ 000000018000e414     GetINSCompensateFromVNS.obj
 0002:00000420       ??_C@_0N@KIALBENL@otherMakersN?$AA@ 000000018000e420     GetINSCompensateFromVNS.obj
 0002:00000430       ??_C@_08GCJNLIKG@Position?$AA@ 000000018000e430     GetINSCompensateFromVNS.obj
 0002:00000440       ??_C@_09KJGFCOBE@frequency?$AA@ 000000018000e440     GetINSCompensateFromVNS.obj
 0002:00000450       ??_C@_0O@CFKIKNMC@BodyDirection?$AA@ 000000018000e450     GetINSCompensateFromVNS.obj
 0002:00000460       ??_C@_0N@JFMJFOKG@HeadPosition?$AA@ 000000018000e460     GetINSCompensateFromVNS.obj
 0002:00000478       ??_C@_0P@FAPOMMKG@HeadQuaternion?$AA@ 000000018000e478     GetINSCompensateFromVNS.obj
 0002:00000488       ??_C@_0M@BEPOIGEM@HipPosition?$AA@ 000000018000e488     GetINSCompensateFromVNS.obj
 0002:00000498       ??_C@_0N@BBOJOKJB@HipQuaternio?$AA@ 000000018000e498     GetINSCompensateFromVNS.obj
 0002:000004b8       ??_C@_06BNJCAIGJ@double?$AA@ 000000018000e4b8     GetINSCompensateFromVNS.obj
 0002:000004c4       ??_C@_04ENMBGAPA@char?$AA@ 000000018000e4c4     GetINSCompensateFromVNS.obj
 0002:000004cc       ??_C@_05GIMEPBJB@int32?$AA@ 000000018000e4cc     GetINSCompensateFromVNS.obj
 0002:000004d8       ??_C@_09MNPADGJ@DataStyle?$AA@ 000000018000e4d8     GetINSCompensateFromVNS.obj
 0002:000004e8       ??_C@_0O@HMGHAMBB@HipQuaternion?$AA@ 000000018000e4e8     GetINSCompensateFromVNS.obj
 0002:00000528       ??_C@_0P@DNFELLHH@compensateRate?$AA@ 000000018000e528     GetINSCompensateFromVNS.obj
 0002:00000538       ??_C@_0M@PNKPOCDK@otherMakers?$AA@ 000000018000e538     GetINSCompensateFromVNS.obj
 0002:00000548       ??_C@_0N@OJCEKHEL@InertialData?$AA@ 000000018000e548     GetINSCompensateFromVNS.obj
 0002:00000558       ??_C@_0CF@OIONOIOI@EMLRT?3runTime?3TooManyOutputArgum@ 000000018000e558     _coder_GetINSCompensateFromVNS_mex.obj
 0002:00000580       ??_C@_0CC@IMHDKEMC@EMLRT?3runTime?3WrongNumberOfInput@ 000000018000e580     _coder_GetINSCompensateFromVNS_mex.obj
 0002:000005b0       ??_C@_0EC@LHGHJECH@?$FLILXE?$FN$matlabroot$?1toolbox?1eml?1l@ 000000018000e5b0     _coder_GetINSCompensateFromVNS_info.obj
 0002:000005f8       ??_C@_0BC@MBJAEGPC@eml_switch_helper?$AA@ 000000018000e5f8     _coder_GetINSCompensateFromVNS_info.obj
 0002:00000610       ??_C@_0DJ@PBLDDNNK@?$FLILXE?$FN$matlabroot$?1toolbox?1eml?1l@ 000000018000e610     _coder_GetINSCompensateFromVNS_info.obj
 0002:0000064c       ??_C@_06CFKOHMKF@intmax?$AA@ 000000018000e64c     _coder_GetINSCompensateFromVNS_info.obj
 0002:00000660       ??_C@_0EA@GLIAMHNI@?$FLILXE?$FN$matlabroot$?1toolbox?1eml?1l@ 000000018000e660     _coder_GetINSCompensateFromVNS_info.obj
 0002:000006a0       ??_C@_0BA@LGKKDMEL@eml_index_class?$AA@ 000000018000e6a0     _coder_GetINSCompensateFromVNS_info.obj
 0002:000006b0       ??_C@_0DN@CKCGGLGK@?$FLIXE?$FN$matlabroot$?1toolbox?1coder?1@ 000000018000e6b0     _coder_GetINSCompensateFromVNS_info.obj
 0002:000006f0       ??_C@_0BD@JLGMKPKJ@coder?4internal?4div?$AA@ 000000018000e6f0     _coder_GetINSCompensateFromVNS_info.obj
 0002:00000708       ??_C@_0DI@GANAMGFL@?$FLILXE?$FN$matlabroot$?1toolbox?1eml?1l@ 000000018000e708     _coder_GetINSCompensateFromVNS_info.obj
 0002:00000740       ??_C@_07KHOFHKNM@eml_div?$AA@ 000000018000e740     _coder_GetINSCompensateFromVNS_info.obj
 0002:00000750       ??_C@_0EH@ELBOGDPJ@?$FLILXE?$FN$matlabroot$?1toolbox?1eml?1l@ 000000018000e750     _coder_GetINSCompensateFromVNS_info.obj
 0002:00000798       ??_C@_0BH@LFDIDDBI@eml_scalexp_compatible?$AA@ 000000018000e798     _coder_GetINSCompensateFromVNS_info.obj
 0002:000007b0       ??_C@_0DI@ECPGNJBG@?$FLILXE?$FN$matlabroot$?1toolbox?1eml?1l@ 000000018000e7b0     _coder_GetINSCompensateFromVNS_info.obj
 0002:000007e8       ??_C@_07EDECNBOH@rdivide?$AA@ 000000018000e7e8     _coder_GetINSCompensateFromVNS_info.obj
 0002:000007f0       ??_C@_0EH@KANLIOMH@?$FLIXE?$FN$matlabroot$?1toolbox?1shared@ 000000018000e7f0     _coder_GetINSCompensateFromVNS_info.obj
 0002:00000838       ??_C@_0BG@JDHJGNPG@coder?4internal?4assert?$AA@ 000000018000e838     _coder_GetINSCompensateFromVNS_info.obj
 0002:00000850       ??_C@_0DJ@LGGCAFOA@?$FLILXE?$FN$matlabroot$?1toolbox?1eml?1l@ 000000018000e850     _coder_GetINSCompensateFromVNS_info.obj
 0002:00000890       ??_C@_08GNEFHMND@mrdivide?$AA@ 000000018000e890     _coder_GetINSCompensateFromVNS_info.obj
 0002:000008a0       ??_C@_0EG@GHMPLCPF@?$FLILXE?$FN$matlabroot$?1toolbox?1eml?1l@ 000000018000e8a0     _coder_GetINSCompensateFromVNS_info.obj
 0002:000008e8       ??_C@_0DM@MEJDDAEB@?$FLILXE?$FN$matlabroot$?1toolbox?1eml?1l@ 000000018000e8e8     _coder_GetINSCompensateFromVNS_info.obj
 0002:00000928       ??_C@_0M@GIFFNMF@eml_realmax?$AA@ 000000018000e928     _coder_GetINSCompensateFromVNS_info.obj
 0002:00000938       ??_C@_0DK@PPBLBLEL@?$FLILXE?$FN$matlabroot$?1toolbox?1eml?1l@ 000000018000e938     _coder_GetINSCompensateFromVNS_info.obj
 0002:00000978       ??_C@_07FFPDOOLN@realmax?$AA@ 000000018000e978     _coder_GetINSCompensateFromVNS_info.obj
 0002:00000980       ??_C@_0EB@GIBPKMLK@?$FLILXE?$FN$matlabroot$?1toolbox?1eml?1l@ 000000018000e980     _coder_GetINSCompensateFromVNS_info.obj
 0002:000009d0       ??_C@_0EB@JMHDJNBF@?$FLILXE?$FN$matlabroot$?1toolbox?1eml?1l@ 000000018000e9d0     _coder_GetINSCompensateFromVNS_info.obj
 0002:00000a18       ??_C@_0P@DEOLODNE@eml_scalar_abs?$AA@ 000000018000ea18     _coder_GetINSCompensateFromVNS_info.obj
 0002:00000a28       ??_C@_0DG@GPPKOLMK@?$FLILXE?$FN$matlabroot$?1toolbox?1eml?1l@ 000000018000ea28     _coder_GetINSCompensateFromVNS_info.obj
 0002:00000a60       ??_C@_03BCGAIFPO@abs?$AA@  000000018000ea60     _coder_GetINSCompensateFromVNS_info.obj
 0002:00000a70       ??_C@_0EA@BFEKENJA@?$FLILXE?$FN$matlabroot$?1toolbox?1eml?1l@ 000000018000ea70     _coder_GetINSCompensateFromVNS_info.obj
 0002:00000ab0       ??_C@_0BA@PBHEJPIB@eml_float_model?$AA@ 000000018000eab0     _coder_GetINSCompensateFromVNS_info.obj
 0002:00000ac0       ??_C@_0DL@FOKLCAHN@?$FLILXE?$FN$matlabroot$?1toolbox?1eml?1l@ 000000018000eac0     _coder_GetINSCompensateFromVNS_info.obj
 0002:00000b00       ??_C@_08PGPGPKKP@flintmax?$AA@ 000000018000eb00     _coder_GetINSCompensateFromVNS_info.obj
 0002:00000b10       ??_C@_0EC@PDLFHDBC@?$FLIXE?$FN$matlabroot$?1toolbox?1coder?1@ 000000018000eb10     _coder_GetINSCompensateFromVNS_info.obj
 0002:00000b58       ??_C@_0BI@GOAEPJB@coder?4internal?4scalarEg?$AA@ 000000018000eb58     _coder_GetINSCompensateFromVNS_info.obj
 0002:00000b70       ??_C@_0DO@FIFFNPJ@?$FLILXE?$FN$matlabroot$?1toolbox?1eml?1l@ 000000018000eb70     _coder_GetINSCompensateFromVNS_info.obj
 0002:00000bb0       ??_C@_0O@DGEIFEHG@eml_scalar_eg?$AA@ 000000018000ebb0     _coder_GetINSCompensateFromVNS_info.obj
 0002:00000bc0       ??_C@_0EG@FLKBNECK@?$FLILXE?$FN$matlabroot$?1toolbox?1eml?1l@ 000000018000ebc0     _coder_GetINSCompensateFromVNS_info.obj
 0002:00000c10       ??_C@_0ED@BIIMGNAK@?$FLILXE?$FN$matlabroot$?1toolbox?1eml?1l@ 000000018000ec10     _coder_GetINSCompensateFromVNS_info.obj
 0002:00000c58       ??_C@_0BB@DKCPHGKF@eml_scalar_floor?$AA@ 000000018000ec58     _coder_GetINSCompensateFromVNS_info.obj
 0002:00000c70       ??_C@_0DI@KHEKJDFK@?$FLILXE?$FN$matlabroot$?1toolbox?1eml?1l@ 000000018000ec70     _coder_GetINSCompensateFromVNS_info.obj
 0002:00000ca8       ??_C@_05PBJFFIGL@floor?$AA@ 000000018000eca8     _coder_GetINSCompensateFromVNS_info.obj
 0002:00000cb0       ??_C@_0DI@NOGOOKFE@?$FLILXE?$FN$matlabroot$?1toolbox?1eml?1l@ 000000018000ecb0     _coder_GetINSCompensateFromVNS_info.obj
 0002:00000ce8       ??_C@_05LGCGPNNP@isnan?$AA@ 000000018000ece8     _coder_GetINSCompensateFromVNS_info.obj
 0002:00000cf0       ??_C@_0DI@IEIPGFNC@?$FLILXE?$FN$matlabroot$?1toolbox?1eml?1l@ 000000018000ecf0     _coder_GetINSCompensateFromVNS_info.obj
 0002:00000d28       ??_C@_05OIHEAIFD@isinf?$AA@ 000000018000ed28     _coder_GetINSCompensateFromVNS_info.obj
 0002:00000d30       ??_C@_0DL@JMMGNODA@?$FLILXE?$FN$matlabroot$?1toolbox?1eml?1l@ 000000018000ed30     _coder_GetINSCompensateFromVNS_info.obj
 0002:00000d70       ??_C@_08CHCKEDFL@isfinite?$AA@ 000000018000ed70     _coder_GetINSCompensateFromVNS_info.obj
 0002:00000d80       ??_C@_0EF@JMJLIMBF@?$FLILXE?$FN$matlabroot$?1toolbox?1eml?1l@ 000000018000ed80     _coder_GetINSCompensateFromVNS_info.obj
 0002:00000dd0       ??_C@_0FB@CNDLNLEB@?$FLIXE?$FN$matlabroot$?1toolbox?1shared@ 000000018000edd0     _coder_GetINSCompensateFromVNS_info.obj
 0002:00000e28       ??_C@_0CA@GGIPMLJM@coder?4internal?4isBuiltInNumeric?$AA@ 000000018000ee28     _coder_GetINSCompensateFromVNS_info.obj
 0002:00000e48       ??_C@_03ONJNNIPF@lhs?$AA@  000000018000ee48     _coder_GetINSCompensateFromVNS_info.obj
 0002:00000e4c       ??_C@_03FNFLPIFJ@rhs?$AA@  000000018000ee4c     _coder_GetINSCompensateFromVNS_info.obj
 0002:00000e50       ??_C@_0M@FMAJFPGC@mFileTimeHi?$AA@ 000000018000ee50     _coder_GetINSCompensateFromVNS_info.obj
 0002:00000e60       ??_C@_0M@NFKFADI@mFileTimeLo?$AA@ 000000018000ee60     _coder_GetINSCompensateFromVNS_info.obj
 0002:00000e70       ??_C@_0L@HMDKMKNA@fileTimeHi?$AA@ 000000018000ee70     _coder_GetINSCompensateFromVNS_info.obj
 0002:00000e80       ??_C@_0L@CNGJMFIK@fileTimeLo?$AA@ 000000018000ee80     _coder_GetINSCompensateFromVNS_info.obj
 0002:00000e90       ??_C@_08CGJBBLIA@resolved?$AA@ 000000018000ee90     _coder_GetINSCompensateFromVNS_info.obj
 0002:00000ea0       ??_C@_0DG@DOKJOMGG@?$FLILXE?$FN$matlabroot$?1toolbox?1eml?1l@ 000000018000eea0     _coder_GetINSCompensateFromVNS_info.obj
 0002:00000ed8       ??_C@_0N@IGLAPNJK@dominantType?$AA@ 000000018000eed8     _coder_GetINSCompensateFromVNS_info.obj
 0002:00000ee8       ??_C@_04MEMAJGDJ@name?$AA@ 000000018000eee8     _coder_GetINSCompensateFromVNS_info.obj
 0002:00000ef0       ??_C@_05BCDKEBLL@colon?$AA@ 000000018000eef0     _coder_GetINSCompensateFromVNS_info.obj
 0002:00000ef8       ??_C@_07JKKCBBMM@context?$AA@ 000000018000eef8     _coder_GetINSCompensateFromVNS_info.obj
 0002:00000f00       ??_C@_0GE@FOKFFABA@?$FLE?$FNE?3?1document?5and?5program?1progr@ 000000018000ef00     _coder_GetINSCompensateFromVNS_info.obj
 0002:00000f68       ??_C@_0BD@HHDLNBMB@8?43?40?4532?5?$CIR2014a?$CJ?$AA@ 000000018000ef68     _coder_GetINSCompensateFromVNS_info.obj
 0002:00000f80       __real@4010000000000000    000000018000ef80     _coder_GetINSCompensateFromVNS_info.obj
 0002:00000f88       __real@4008000000000000    000000018000ef88     _coder_GetINSCompensateFromVNS_info.obj
 0002:00000f90       ??_C@_0P@FDPDNMBC@ConstantInputs?$AA@ 000000018000ef90     _coder_GetINSCompensateFromVNS_info.obj
 0002:00000fa0       ??_C@_0BA@HBLCOFA@NumberOfOutputs?$AA@ 000000018000efa0     _coder_GetINSCompensateFromVNS_info.obj
 0002:00000fb0       ??_C@_0P@DJPKAEOC@NumberOfInputs?$AA@ 000000018000efb0     _coder_GetINSCompensateFromVNS_info.obj
 0002:00000fc0       ??_C@_04FABLJDN@Name?$AA@  000000018000efc0     _coder_GetINSCompensateFromVNS_info.obj
 0002:00000fc8       ??_C@_0N@HPEKDNOD@CoverageInfo?$AA@ 000000018000efc8     _coder_GetINSCompensateFromVNS_info.obj
 0002:00000fd8       ??_C@_0M@HOOGCLMJ@EntryPoints?$AA@ 000000018000efd8     _coder_GetINSCompensateFromVNS_info.obj
 0002:00000fe8       ??_C@_0BC@PFKIGKIM@ResolvedFunctions?$AA@ 000000018000efe8     _coder_GetINSCompensateFromVNS_info.obj
 0002:00001000       ??_C@_07NGFJPNPN@Version?$AA@ 000000018000f000     _coder_GetINSCompensateFromVNS_info.obj
 0002:00001008       _pRawDllMain               000000018000f008     MSVCRT:crtdll.obj
 0002:00001008       _pDefaultRawDllMain        000000018000f008     MSVCRT:crtdll.obj
 0002:00001020       __rtc_iaa                  000000018000f020     MSVCRT:_initsect_.obj
 0002:00001028       __rtc_izz                  000000018000f028     MSVCRT:_initsect_.obj
 0002:00001030       __rtc_taa                  000000018000f030     MSVCRT:_initsect_.obj
 0002:00001038       __rtc_tzz                  000000018000f038     MSVCRT:_initsect_.obj
 0002:00001540       __IMPORT_DESCRIPTOR_libmx  000000018000f540     libmx:libmx.dll
 0002:00001554       __IMPORT_DESCRIPTOR_libmex 000000018000f554     libmex:libmex.dll
 0002:00001568       __IMPORT_DESCRIPTOR_libemlrt 000000018000f568     libemlrt:libemlrt.dll
 0002:0000157c       __IMPORT_DESCRIPTOR_MSVCR100 000000018000f57c     MSVCRT:MSVCR100.dll
 0002:00001590       __IMPORT_DESCRIPTOR_KERNEL32 000000018000f590     kernel32:KERNEL32.dll
 0002:000015a4       __NULL_IMPORT_DESCRIPTOR   000000018000f5a4     libmx:libmx.dll
 0003:000001d0       ?emlrtContextGlobal@@3UemlrtContext@@A 00000001800111d0     _coder_GetINSCompensateFromVNS_mex.obj
 0003:00000210       _fltused                   0000000180011210     MSVCRT:dllsupp.obj
 0003:00000218       __security_cookie          0000000180011218     MSVCRT:gs_cookie.obj
 0003:00000220       __security_cookie_complement 0000000180011220     MSVCRT:gs_cookie.obj
 0003:00000230       __native_dllmain_reason    0000000180011230     MSVCRT:natstart.obj
 0003:00000234       __native_vcclrit_reason    0000000180011234     MSVCRT:natstart.obj
 0003:00000248       ?emlrtRootTLSGlobal@@3PEAXEA 0000000180011248     _coder_GetINSCompensateFromVNS_mex.obj
 0003:000007d0       ?__type_info_root_node@@3U__type_info_node@@A 00000001800117d0     MSVCRT:tncleanup.obj
 0003:000007e0       __native_startup_state     00000001800117e0     <common>
 0003:000007e8       __native_startup_lock      00000001800117e8     <common>
 0003:000007f0       __onexitend                00000001800117f0     <common>
 0003:000007f8       __onexitbegin              00000001800117f8     <common>
 0003:00000800       __dyn_tls_init_callback    0000000180011800     <common>

 entry point at        0001:0000bc28

 Static symbols

 0001:00000000       ?b_emlrt_marshallOut@@YAPEBUmxArray_tag@@PEBUemxArray_real_T@@@Z 0000000180001000 f   GetINSCompensateFromVNS.obj
 0001:00000090       ?c_emlrt_marshallOut@@YAPEBUmxArray_tag@@PEBUemxArray_real_T@@@Z 0000000180001090 f   GetINSCompensateFromVNS.obj
 0001:00000150       ?d_emlrt_marshallOut@@YAPEBUmxArray_tag@@PEBUemxArray_real_T@@@Z 0000000180001150 f   GetINSCompensateFromVNS.obj
 0001:00000200       ?emxEnsureCapacity@@YAXPEBUemlrtStack@@PEAUemxArray__common@@HHPEBUemlrtRTEInfo@@@Z 0000000180001200 f   GetINSCompensateFromVNS.obj
 0001:00000300       ?emxFree_char_T@@YAXPEAPEAUemxArray_char_T@@@Z 0000000180001300 f   GetINSCompensateFromVNS.obj
 0001:00000300       ?emxFree_real_T@@YAXPEAPEAUemxArray_real_T@@@Z 0000000180001300 f   GetINSCompensateFromVNS.obj
 0001:00000350       ?f_emlrt_marshallOut@@YAPEBUmxArray_tag@@PEBUemlrtStack@@PEBUemxArray_struct1_T@@@Z 0000000180001350 f   GetINSCompensateFromVNS.obj
 0001:00000950       ?g_emlrt_marshallOut@@YAPEBUmxArray_tag@@PEBUstruct2_T@@@Z 0000000180001950 f   GetINSCompensateFromVNS.obj
 0001:00000e80       ?m_emlrt_marshallIn@@YAXPEBUemlrtStack@@PEBUmxArray_tag@@PEBUemlrtMsgIdentifier@@PEAUemxArray_real_T@@@Z 0000000180001e80 f   GetINSCompensateFromVNS.obj
 0001:00001020       ?n_emlrt_marshallIn@@YAXPEBUemlrtStack@@PEBUmxArray_tag@@PEBUemlrtMsgIdentifier@@PEAUemxArray_real_T@@@Z 0000000180002020 f   GetINSCompensateFromVNS.obj
 0001:000011d0       ?o_emlrt_marshallIn@@YAXPEBUemlrtStack@@PEBUmxArray_tag@@PEBUemlrtMsgIdentifier@@PEAUemxArray_real_T@@@Z 00000001800021d0 f   GetINSCompensateFromVNS.obj
 0001:00001380       ?p_emlrt_marshallIn@@YAXPEBUemlrtStack@@PEBUmxArray_tag@@PEBUemlrtMsgIdentifier@@PEAUemxArray_char_T@@@Z 0000000180002380 f   GetINSCompensateFromVNS.obj
 0001:00001650       ?emlrt_marshallOut@@YAPEBUmxArray_tag@@PEBUemlrtStack@@PEBUstruct0_T@@@Z 0000000180002650 f   GetINSCompensateFromVNS.obj
 0001:00001960       ?emxCopy_char_T@@YAXPEBUemlrtStack@@PEAPEAUemxArray_char_T@@PEBQEAU2@PEBUemlrtRTEInfo@@@Z 0000000180002960 f   GetINSCompensateFromVNS.obj
 0001:00001b30       ?emxCopy_real_T@@YAXPEBUemlrtStack@@PEAPEAUemxArray_real_T@@PEBQEAU2@PEBUemlrtRTEInfo@@@Z 0000000180002b30 f   GetINSCompensateFromVNS.obj
 0001:00001d90       ?emxFreeStruct_struct0_T@@YAXPEAUstruct0_T@@@Z 0000000180002d90 f   GetINSCompensateFromVNS.obj
 0001:00001ef0       ?emxFreeStruct_struct1_T@@YAXPEAUstruct1_T@@@Z 0000000180002ef0 f   GetINSCompensateFromVNS.obj
 0001:00002050       ?emxFree_struct1_T@@YAXPEAPEAUemxArray_struct1_T@@@Z 0000000180003050 f   GetINSCompensateFromVNS.obj
 0001:00002280       ?emxTrim_struct1_T@@YAXPEAUemxArray_struct1_T@@HH@Z 0000000180003280 f   GetINSCompensateFromVNS.obj
 0001:00002450       ?b_emlrt_marshallIn@@YAXPEBUemlrtStack@@PEBUmxArray_tag@@PEBUemlrtMsgIdentifier@@PEAUstruct0_T@@@Z 0000000180003450 f   GetINSCompensateFromVNS.obj
 0001:000027a0       ?emxExpand_struct1_T@@YAXPEBUemlrtStack@@PEAUemxArray_struct1_T@@HHPEBUemlrtRTEInfo@@@Z 00000001800037a0 f   GetINSCompensateFromVNS.obj
 0001:00002a80       ?emxEnsureCapacity_struct1_T@@YAXPEBUemlrtStack@@PEAUemxArray_struct1_T@@HPEBUemlrtRTEInfo@@@Z 0000000180003a80 f   GetINSCompensateFromVNS.obj
 0001:00002bc0       ?j_emlrt_marshallIn@@YAXPEBUemlrtStack@@PEBUmxArray_tag@@PEBUemlrtMsgIdentifier@@PEAUemxArray_struct1_T@@@Z 0000000180003bc0 f   GetINSCompensateFromVNS.obj
 0001:00005d80       ?GetINSCompensateFromVNS_mexFunction@@YAXHQEAPEAUmxArray_tag@@HQEAPEBU1@@Z 0000000180006d80 f   _coder_GetINSCompensateFromVNS_mex.obj
 0001:00005f30       info_helper                0000000180006f30 f   _coder_GetINSCompensateFromVNS_info.obj
 0001:0000b830       pre_c_init                 000000018000c830 f   MSVCRT:crtdll.obj
 0001:0000baec       __DllMainCRTStartup        000000018000caec f   MSVCRT:crtdll.obj
 0001:0000c0f0       __DllMainCRTStartup$filt$0 000000018000d0f0 f   MSVCRT:crtdll.obj
 0001:0000c120       __DllMainCRTStartup$fin$1  000000018000d120 f   MSVCRT:crtdll.obj
 0001:0000c13a       _onexit$fin$0              000000018000d13a f   MSVCRT:atonexit.obj
 0001:0000c160       _IsNonwritableInCurrentImage$filt$0 000000018000d160 f   MSVCRT:pesect.obj
