 GetINSCompensateFromVNS_mex

 Timestamp is 557ff0cc (Tue Jun 16 17:47:56 2015)

 Preferred load address is 0000000180000000

 Start         Length     Name                   Class
 0001:00000000 00057142H .text                   CODE
 0001:00057150 00000092H .text$x                 CODE
 0002:00000000 000003e8H .idata$5                DATA
 0002:000003e8 00000008H .CRT$XCA                DATA
 0002:000003f0 00000008H .CRT$XCZ                DATA
 0002:000003f8 00000008H .CRT$XIA                DATA
 0002:00000400 00000008H .CRT$XIAA               DATA
 0002:00000408 00000008H .CRT$XIZ                DATA
 0002:00000410 00006700H .rdata                  DATA
 0002:00006b10 00000008H .rtc$IAA                DATA
 0002:00006b18 00000008H .rtc$IZZ                DATA
 0002:00006b20 00000008H .rtc$TAA                DATA
 0002:00006b28 00000008H .rtc$TZZ                DATA
 0002:00006b30 00000bfcH .xdata                  DATA
 0002:0000772c 0000008cH .idata$2                DATA
 0002:000077b8 00000014H .idata$3                DATA
 0002:000077d0 000003e8H .idata$4                DATA
 0002:00007bb8 00000a20H .idata$6                DATA
 0002:000085e0 00000081H .edata                  DATA
 0003:00000000 00002a38H .data                   DATA
 0003:00002a40 001c5738H .bss                    DATA
 0004:00000000 00000708H .pdata                  DATA

  Address         Publics by Value              Rva+Base               Lib:Object

 0000:00000000       ___safe_se_handler_count   0000000000000000     <absolute>
 0000:00000000       ___safe_se_handler_table   0000000000000000     <absolute>
 0000:00000000       __ImageBase                0000000180000000     <linker-defined>
 0001:00000000       ?b_emlrt_marshallOut@@YAPEBUmxArray_tag@@QEBN@Z 0000000180001000 f   GetINSCompensateFromVNS_mexutil.obj
 0001:00000070       ?c_emlrt_marshallOut@@YAPEBUmxArray_tag@@QEBN@Z 0000000180001070 f   GetINSCompensateFromVNS_mexutil.obj
 0001:000000e0       ?emlrt_checkEscapedGlobals@@YAXXZ 00000001800010e0 f   GetINSCompensateFromVNS_mexutil.obj
 0001:000001a0       ?emlrt_marshallOut@@YAPEBUmxArray_tag@@N@Z 00000001800011a0 f   GetINSCompensateFromVNS_mexutil.obj
 0001:000001d0       ?emlrt_synchGlobalsToML@@YAXXZ 00000001800011d0 f   GetINSCompensateFromVNS_mexutil.obj
 0001:000004f0       ?j_emlrt_marshallIn@@YANPEBUemlrtStack@@PEBUmxArray_tag@@PEBUemlrtMsgIdentifier@@@Z 00000001800014f0 f   GetINSCompensateFromVNS_mexutil.obj
 0001:00000580       ?q_emlrt_marshallIn@@YANPEBUemlrtStack@@PEBUmxArray_tag@@PEBD@Z 0000000180001580 f   GetINSCompensateFromVNS_mexutil.obj
 0001:00000640       ?w_emlrt_marshallIn@@YAXPEBUemlrtStack@@PEBUmxArray_tag@@PEBUemlrtMsgIdentifier@@QEAN@Z 0000000180001640 f   GetINSCompensateFromVNS_mexutil.obj
 0001:000006d0       ?e_emlrt_marshallIn@@YAXPEBUemlrtStack@@PEBUmxArray_tag@@PEBUemlrtMsgIdentifier@@QEAN@Z 00000001800016d0 f   GetINSCompensateFromVNS_mexutil.obj
 0001:00000720       ?s_emlrt_marshallIn@@YAXPEBUemlrtStack@@PEBUmxArray_tag@@PEBDQEAN@Z 0000000180001720 f   GetINSCompensateFromVNS_mexutil.obj
 0001:00000810       ?u_emlrt_marshallIn@@YAXPEBUemlrtStack@@PEBUmxArray_tag@@PEBDQEAN@Z 0000000180001810 f   GetINSCompensateFromVNS_mexutil.obj
 0001:00000900       ?emlrt_synchGlobalsFromML@@YAXPEBUemlrtStack@@@Z 0000000180001900 f   GetINSCompensateFromVNS_mexutil.obj
 0001:00002a50       ?GetINSCompensateFromVNS_atexit@@YAXXZ 0000000180003a50 f   GetINSCompensateFromVNS.obj
 0001:00002ab0       ?GetINSCompensateFromVNS_terminate@@YAXXZ 0000000180003ab0 f   GetINSCompensateFromVNS.obj
 0001:00007970       ?GetINSCompensateFromVNS_initialize@@YAXPEAUemlrtContext@@@Z 0000000180008970 f   GetINSCompensateFromVNS.obj
 0001:00010440       ?GetINSCompensateFromVNS@@YAXPEAUd_GetINSCompensateFromVNSStackD@@PEBUemlrtStack@@PEBUstruct0_T@@QEAUstruct1_T@@NHHQEAN4@Z 0000000180011440 f   GetINSCompensateFromVNS.obj
 0001:00010af0       ?GetINSCompensateFromVNS_api@@YAXPEAUd_GetINSCompensateFromVNSStackD@@QEBQEBUmxArray_tag@@QEAPEBU2@@Z 0000000180011af0 f   GetINSCompensateFromVNS.obj
 0001:00011260       ?GetINSCompensateFromVNS_atexit_wrapper@@YAXXZ 0000000180012260 f   _coder_GetINSCompensateFromVNS_mex.obj
 0001:00011270       mexFunction                0000000180012270 f   _coder_GetINSCompensateFromVNS_mex.obj
 0001:00056350       emlrtMexFcnResolvedFunctionsInfo 0000000180057350 f   _coder_GetINSCompensateFromVNS_info.obj
 0001:000563f0       emlrtMexFcnProperties      00000001800573f0 f   _coder_GetINSCompensateFromVNS_info.obj
 0001:00056560       mxGetPr                    0000000180057560 f   libmx:libmx.dll
 0001:00056566       mxGetData                  0000000180057566 f   libmx:libmx.dll
 0001:0005656c       mxGetNaN                   000000018005756c f   libmx:libmx.dll
 0001:00056572       mxSetData                  0000000180057572 f   libmx:libmx.dll
 0001:00056578       mxMalloc                   0000000180057578 f   libmx:libmx.dll
 0001:0005657e       mxFree                     000000018005757e f   libmx:libmx.dll
 0001:00056584       mxCalloc                   0000000180057584 f   libmx:libmx.dll
 0001:0005658a       mxCreateDoubleScalar       000000018005758a f   libmx:libmx.dll
 0001:00056590       mxSetFieldByNumber_700     0000000180057590 f   libmx:libmx.dll
 0001:00056596       mxCreateString             0000000180057596 f   libmx:libmx.dll
 0001:0005659c       mxCreateLogicalMatrix_700  000000018005759c f   libmx:libmx.dll
 0001:000565a2       mxCreateStructMatrix_700   00000001800575a2 f   libmx:libmx.dll
 0001:000565a8       mexPutVariable             00000001800575a8 f   libmex:libmex.dll
 0001:000565ae       mexGetVariable             00000001800575ae f   libmex:libmex.dll
 0001:000565b4       mexAtExit                  00000001800575b4 f   libmex:libmex.dll
 0001:000565ba       emlrtAssign                00000001800575ba f   libemlrt:libemlrt.dll
 0001:000565c0       emlrtCreateNumericArray    00000001800575c0 f   libemlrt:libemlrt.dll
 0001:000565c6       emlrtDestroyArray          00000001800575c6 f   libemlrt:libemlrt.dll
 0001:000565cc       emlrtCheckBuiltInR2012b    00000001800575cc f   libemlrt:libemlrt.dll
 0001:000565d2       emlrtCreateDoubleScalar    00000001800575d2 f   libemlrt:libemlrt.dll
 0001:000565d8       emlrtAlias                 00000001800575d8 f   libemlrt:libemlrt.dll
 0001:000565de       emlrtBreakCheckR2012b      00000001800575de f   libemlrt:libemlrt.dll
 0001:000565e4       emlrtCallMATLABR2012b      00000001800575e4 f   libemlrt:libemlrt.dll
 0001:000565ea       emlrtDynamicBoundsCheckR2012b 00000001800575ea f   libemlrt:libemlrt.dll
 0001:000565f0       emlrtIntegerCheckR2012b    00000001800575f0 f   libemlrt:libemlrt.dll
 0001:000565f6       emlrtForLoopVectorCheckR2012b 00000001800575f6 f   libemlrt:libemlrt.dll
 0001:000565fc       emlrtErrorWithMessageIdR2012b 00000001800575fc f   libemlrt:libemlrt.dll
 0001:00056602       emlrtSetDimensions         0000000180057602 f   libemlrt:libemlrt.dll
 0001:00056608       emlrtCreateNumericMatrix   0000000180057608 f   libemlrt:libemlrt.dll
 0001:0005660e       emlrtAddField              000000018005760e f   libemlrt:libemlrt.dll
 0001:00056614       emlrtCreateStructArray     0000000180057614 f   libemlrt:libemlrt.dll
 0001:0005661a       emlrtFreeMex               000000018005761a f   libemlrt:libemlrt.dll
 0001:00056620       emlrtHeapAllocationErrorR2012b 0000000180057620 f   libemlrt:libemlrt.dll
 0001:00056626       emlrtCallocMex             0000000180057626 f   libemlrt:libemlrt.dll
 0001:0005662c       emlrtSizeMulR2012b         000000018005762c f   libemlrt:libemlrt.dll
 0001:00056632       emlrtPushHeapReferenceStackR2012b 0000000180057632 f   libemlrt:libemlrt.dll
 0001:00056638       emlrtMallocMex             0000000180057638 f   libemlrt:libemlrt.dll
 0001:0005663e       emlrtImportCharArray       000000018005763e f   libemlrt:libemlrt.dll
 0001:00056644       emlrtDestroyRootTLS        0000000180057644 f   libemlrt:libemlrt.dll
 0001:0005664a       emlrtLeaveRtStackR2012b    000000018005764a f   libemlrt:libemlrt.dll
 0001:00056650       emlrtEnterRtStackR2012b    0000000180057650 f   libemlrt:libemlrt.dll
 0001:00056656       emlrtCreateRootTLS         0000000180057656 f   libemlrt:libemlrt.dll
 0001:0005665c       emlrtInitCharArrayR2013a   000000018005765c f   libemlrt:libemlrt.dll
 0001:00056662       emlrtCreateCharArray       0000000180057662 f   libemlrt:libemlrt.dll
 0001:00056668       emlrtVectorVectorIndexCheckR2012b 0000000180057668 f   libemlrt:libemlrt.dll
 0001:0005666e       emlrtCreateString1         000000018005766e f   libemlrt:libemlrt.dll
 0001:00056674       emlrtNonNegativeCheckR2012b 0000000180057674 f   libemlrt:libemlrt.dll
 0001:0005667a       emlrtGetFieldR2013a        000000018005767a f   libemlrt:libemlrt.dll
 0001:00056680       emlrtCheckStructR2012b     0000000180057680 f   libemlrt:libemlrt.dll
 0001:00056686       emlrtFirstTimeR2012b       0000000180057686 f   libemlrt:libemlrt.dll
 0001:0005668c       emlrtClearAllocCountR2012b 000000018005768c f   libemlrt:libemlrt.dll
 0001:00056692       emlrtGetBreakCheckFlagAddressR2012b 0000000180057692 f   libemlrt:libemlrt.dll
 0001:00056698       emlrtHeapReferenceStackLeaveFcnR2012b 0000000180057698 f   libemlrt:libemlrt.dll
 0001:0005669e       emlrtSizeEqCheckNDR2012b   000000018005769e f   libemlrt:libemlrt.dll
 0001:000566a4       emlrtHeapReferenceStackEnterFcnR2012b 00000001800576a4 f   libemlrt:libemlrt.dll
 0001:000566aa       emlrtDimSizeEqCheckR2012b  00000001800576aa f   libemlrt:libemlrt.dll
 0001:000566b0       emlrtSubAssignSizeCheckR2012b 00000001800576b0 f   libemlrt:libemlrt.dll
 0001:000566b6       emlrtAliasP                00000001800576b6 f   libemlrt:libemlrt.dll
 0001:000566bc       emlrtReturnArrayR2009a     00000001800576bc f   libemlrt:libemlrt.dll
 0001:000566c2       emlrtErrMsgIdAndTxt        00000001800576c2 f   libemlrt:libemlrt.dll
 0001:000566c8       emlrtCreateString          00000001800576c8 f   libemlrt:libemlrt.dll
 0001:000566ce       emlrtCreateCellMatrix      00000001800576ce f   libemlrt:libemlrt.dll
 0001:000566d4       emlrtNameCapturePostProcessR2013b 00000001800576d4 f   libemlrt:libemlrt.dll
 0001:000566da       emlrtCreateStructMatrix    00000001800576da f   libemlrt:libemlrt.dll
 0001:000566e0       dnrm2                      00000001800576e0 f   libmwblas:libmwblas.dll
 0001:000566e6       dscal                      00000001800576e6 f   libmwblas:libmwblas.dll
 0001:000566ec       dger                       00000001800576ec f   libmwblas:libmwblas.dll
 0001:000566f2       dgemv                      00000001800576f2 f   libmwblas:libmwblas.dll
 0001:000566f8       dtrsm                      00000001800576f8 f   libmwblas:libmwblas.dll
 0001:000566fe       idamax                     00000001800576fe f   libmwblas:libmwblas.dll
 0001:00056704       muDoubleScalarAbs          0000000180057704 f   libmwmathutil:libmwmathutil.dll
 0001:0005670a       muDoubleScalarIsNaN        000000018005770a f   libmwmathutil:libmwmathutil.dll
 0001:00056710       muDoubleScalarFloor        0000000180057710 f   libmwmathutil:libmwmathutil.dll
 0001:00056716       muDoubleScalarRound        0000000180057716 f   libmwmathutil:libmwmathutil.dll
 0001:0005671c       muDoubleScalarSin          000000018005771c f   libmwmathutil:libmwmathutil.dll
 0001:00056722       muDoubleScalarCos          0000000180057722 f   libmwmathutil:libmwmathutil.dll
 0001:00056728       muDoubleScalarMin          0000000180057728 f   libmwmathutil:libmwmathutil.dll
 0001:0005672e       muDoubleScalarMax          000000018005772e f   libmwmathutil:libmwmathutil.dll
 0001:00056734       muDoubleScalarCeil         0000000180057734 f   libmwmathutil:libmwmathutil.dll
 0001:0005673a       muDoubleScalarSqrt         000000018005773a f   libmwmathutil:libmwmathutil.dll
 0001:00056740       muDoubleScalarAcos         0000000180057740 f   libmwmathutil:libmwmathutil.dll
 0001:00056746       muDoubleScalarAsin         0000000180057746 f   libmwmathutil:libmwmathutil.dll
 0001:0005674c       muDoubleScalarAtan2        000000018005774c f   libmwmathutil:libmwmathutil.dll
 0001:00056752       muDoubleScalarHypot        0000000180057752 f   libmwmathutil:libmwmathutil.dll
 0001:00056758       muIntScalarMin_sint32      0000000180057758 f   libmwmathutil:libmwmathutil.dll
 0001:0005675e       memcpy                     000000018005775e f   MSVCRT:MSVCR100.dll
 0001:00056764       __GSHandlerCheckCommon     0000000180057764 f   MSVCRT:gshandler.obj
 0001:000567c8       __GSHandlerCheck           00000001800577c8 f   MSVCRT:gshandler.obj
 0001:00056800       __security_check_cookie    0000000180057800 f   MSVCRT:amdsecgs.obj
 0001:00056820       memset                     0000000180057820 f   MSVCRT:MSVCR100.dll
 0001:00056840       _alloca_probe              0000000180057840     MSVCRT:chkstk.obj
 0001:00056840       __chkstk                   0000000180057840 f   MSVCRT:chkstk.obj
 0001:000568f0       _CRT_INIT                  00000001800578f0 f   MSVCRT:crtdll.obj
 0001:00056c88       _DllMainCRTStartup         0000000180057c88 f   MSVCRT:crtdll.obj
 0001:00056cc8       __report_gsfailure         0000000180057cc8 f   MSVCRT:gs_report.obj
 0001:00056e14       __clean_type_info_names    0000000180057e14 f   MSVCRT:tncleanup.obj
 0001:00056e20       _onexit                    0000000180057e20 f   MSVCRT:atonexit.obj
 0001:00056ed0       atexit                     0000000180057ed0 f   MSVCRT:atonexit.obj
 0001:00056ee8       _RTC_Initialize            0000000180057ee8 f   MSVCRT:_initsect_.obj
 0001:00056f20       _RTC_Terminate             0000000180057f20 f   MSVCRT:_initsect_.obj
 0001:00056f60       _ValidateImageBase         0000000180057f60 f   MSVCRT:pesect.obj
 0001:00056f90       _FindPESection             0000000180057f90 f   MSVCRT:pesect.obj
 0001:00056fe0       _IsNonwritableInCurrentImage 0000000180057fe0 f   MSVCRT:pesect.obj
 0001:00057022       _initterm                  0000000180058022 f   MSVCRT:MSVCR100.dll
 0001:00057028       _initterm_e                0000000180058028 f   MSVCRT:MSVCR100.dll
 0001:0005702e       _amsg_exit                 000000018005802e f   MSVCRT:MSVCR100.dll
 0001:00057034       __C_specific_handler       0000000180058034 f   MSVCRT:MSVCR100.dll
 0001:0005703a       __CppXcptFilter            000000018005803a f   MSVCRT:MSVCR100.dll
 0001:00057040       DllMain                    0000000180058040 f   MSVCRT:dllmain.obj
 0001:00057064       __security_init_cookie     0000000180058064 f   MSVCRT:gs_support.obj
 0001:00057118       __crt_debugger_hook        0000000180058118 f   MSVCRT:MSVCR100.dll
 0001:0005711e       __clean_type_info_names_internal 000000018005811e f   MSVCRT:MSVCR100.dll
 0001:00057124       _unlock                    0000000180058124 f   MSVCRT:MSVCR100.dll
 0001:0005712a       __dllonexit                000000018005812a f   MSVCRT:MSVCR100.dll
 0001:00057130       _lock                      0000000180058130 f   MSVCRT:MSVCR100.dll
 0001:00057136       RtlVirtualUnwind           0000000180058136 f   kernel32:KERNEL32.dll
 0001:0005713c       RtlLookupFunctionEntry     000000018005813c f   kernel32:KERNEL32.dll
 0002:00000000       __imp_GetSystemTimeAsFileTime 0000000180059000     kernel32:KERNEL32.dll
 0002:00000008       __imp_GetCurrentProcessId  0000000180059008     kernel32:KERNEL32.dll
 0002:00000010       __imp_GetCurrentThreadId   0000000180059010     kernel32:KERNEL32.dll
 0002:00000018       __imp_GetTickCount         0000000180059018     kernel32:KERNEL32.dll
 0002:00000020       __imp_QueryPerformanceCounter 0000000180059020     kernel32:KERNEL32.dll
 0002:00000028       __imp_DisableThreadLibraryCalls 0000000180059028     kernel32:KERNEL32.dll
 0002:00000030       __imp_RtlCaptureContext    0000000180059030     kernel32:KERNEL32.dll
 0002:00000038       __imp_RtlLookupFunctionEntry 0000000180059038     kernel32:KERNEL32.dll
 0002:00000040       __imp_RtlVirtualUnwind     0000000180059040     kernel32:KERNEL32.dll
 0002:00000048       __imp_IsDebuggerPresent    0000000180059048     kernel32:KERNEL32.dll
 0002:00000050       __imp_SetUnhandledExceptionFilter 0000000180059050     kernel32:KERNEL32.dll
 0002:00000058       __imp_UnhandledExceptionFilter 0000000180059058     kernel32:KERNEL32.dll
 0002:00000060       __imp_GetCurrentProcess    0000000180059060     kernel32:KERNEL32.dll
 0002:00000068       __imp_TerminateProcess     0000000180059068     kernel32:KERNEL32.dll
 0002:00000070       __imp_Sleep                0000000180059070     kernel32:KERNEL32.dll
 0002:00000078       __imp_DecodePointer        0000000180059078     kernel32:KERNEL32.dll
 0002:00000080       __imp_EncodePointer        0000000180059080     kernel32:KERNEL32.dll
 0002:00000088       \177KERNEL32_NULL_THUNK_DATA 0000000180059088     kernel32:KERNEL32.dll
 0002:00000090       __imp__malloc_crt          0000000180059090     MSVCRT:MSVCR100.dll
 0002:00000098       __imp__initterm            0000000180059098     MSVCRT:MSVCR100.dll
 0002:000000a0       __imp__initterm_e          00000001800590a0     MSVCRT:MSVCR100.dll
 0002:000000a8       __imp_free                 00000001800590a8     MSVCRT:MSVCR100.dll
 0002:000000b0       __imp__encoded_null        00000001800590b0     MSVCRT:MSVCR100.dll
 0002:000000b8       __imp__amsg_exit           00000001800590b8     MSVCRT:MSVCR100.dll
 0002:000000c0       __imp___C_specific_handler 00000001800590c0     MSVCRT:MSVCR100.dll
 0002:000000c8       __imp___CppXcptFilter      00000001800590c8     MSVCRT:MSVCR100.dll
 0002:000000d0       __imp___crt_debugger_hook  00000001800590d0     MSVCRT:MSVCR100.dll
 0002:000000d8       __imp___clean_type_info_names_internal 00000001800590d8     MSVCRT:MSVCR100.dll
 0002:000000e0       __imp__unlock              00000001800590e0     MSVCRT:MSVCR100.dll
 0002:000000e8       __imp___dllonexit          00000001800590e8     MSVCRT:MSVCR100.dll
 0002:000000f0       __imp__lock                00000001800590f0     MSVCRT:MSVCR100.dll
 0002:000000f8       __imp__onexit              00000001800590f8     MSVCRT:MSVCR100.dll
 0002:00000100       __imp_memset               0000000180059100     MSVCRT:MSVCR100.dll
 0002:00000108       __imp_memcpy               0000000180059108     MSVCRT:MSVCR100.dll
 0002:00000110       \177MSVCR100_NULL_THUNK_DATA 0000000180059110     MSVCRT:MSVCR100.dll
 0002:00000118       __imp_emlrtCallocMex       0000000180059118     libemlrt:libemlrt.dll
 0002:00000120       __imp_emlrtSizeMulR2012b   0000000180059120     libemlrt:libemlrt.dll
 0002:00000128       __imp_emlrtPushHeapReferenceStackR2012b 0000000180059128     libemlrt:libemlrt.dll
 0002:00000130       __imp_emlrtMallocMex       0000000180059130     libemlrt:libemlrt.dll
 0002:00000138       __imp_emlrtImportCharArray 0000000180059138     libemlrt:libemlrt.dll
 0002:00000140       __imp_emlrtDestroyRootTLS  0000000180059140     libemlrt:libemlrt.dll
 0002:00000148       __imp_emlrtLeaveRtStackR2012b 0000000180059148     libemlrt:libemlrt.dll
 0002:00000150       __imp_emlrtHeapAllocationErrorR2012b 0000000180059150     libemlrt:libemlrt.dll
 0002:00000158       __imp_emlrtCreateRootTLS   0000000180059158     libemlrt:libemlrt.dll
 0002:00000160       __imp_emlrtInitCharArrayR2013a 0000000180059160     libemlrt:libemlrt.dll
 0002:00000168       __imp_emlrtCreateCharArray 0000000180059168     libemlrt:libemlrt.dll
 0002:00000170       __imp_emlrtVectorVectorIndexCheckR2012b 0000000180059170     libemlrt:libemlrt.dll
 0002:00000178       __imp_emlrtCreateString1   0000000180059178     libemlrt:libemlrt.dll
 0002:00000180       __imp_emlrtNonNegativeCheckR2012b 0000000180059180     libemlrt:libemlrt.dll
 0002:00000188       __imp_emlrtGetFieldR2013a  0000000180059188     libemlrt:libemlrt.dll
 0002:00000190       __imp_emlrtCheckStructR2012b 0000000180059190     libemlrt:libemlrt.dll
 0002:00000198       __imp_emlrtFirstTimeR2012b 0000000180059198     libemlrt:libemlrt.dll
 0002:000001a0       __imp_emlrtClearAllocCountR2012b 00000001800591a0     libemlrt:libemlrt.dll
 0002:000001a8       __imp_emlrtGetBreakCheckFlagAddressR2012b 00000001800591a8     libemlrt:libemlrt.dll
 0002:000001b0       __imp_emlrtHeapReferenceStackLeaveFcnR2012b 00000001800591b0     libemlrt:libemlrt.dll
 0002:000001b8       __imp_emlrtSizeEqCheckNDR2012b 00000001800591b8     libemlrt:libemlrt.dll
 0002:000001c0       __imp_emlrtHeapReferenceStackEnterFcnR2012b 00000001800591c0     libemlrt:libemlrt.dll
 0002:000001c8       __imp_emlrtDimSizeEqCheckR2012b 00000001800591c8     libemlrt:libemlrt.dll
 0002:000001d0       __imp_emlrtSubAssignSizeCheckR2012b 00000001800591d0     libemlrt:libemlrt.dll
 0002:000001d8       __imp_emlrtAliasP          00000001800591d8     libemlrt:libemlrt.dll
 0002:000001e0       __imp_emlrtReturnArrayR2009a 00000001800591e0     libemlrt:libemlrt.dll
 0002:000001e8       __imp_emlrtErrMsgIdAndTxt  00000001800591e8     libemlrt:libemlrt.dll
 0002:000001f0       __imp_emlrtCreateString    00000001800591f0     libemlrt:libemlrt.dll
 0002:000001f8       __imp_emlrtCreateCellMatrix 00000001800591f8     libemlrt:libemlrt.dll
 0002:00000200       __imp_emlrtNameCapturePostProcessR2013b 0000000180059200     libemlrt:libemlrt.dll
 0002:00000208       __imp_emlrtCreateStructMatrix 0000000180059208     libemlrt:libemlrt.dll
 0002:00000210       __imp_emlrtFreeMex         0000000180059210     libemlrt:libemlrt.dll
 0002:00000218       __imp_emlrtCreateStructArray 0000000180059218     libemlrt:libemlrt.dll
 0002:00000220       __imp_emlrtAddField        0000000180059220     libemlrt:libemlrt.dll
 0002:00000228       __imp_emlrtCreateNumericMatrix 0000000180059228     libemlrt:libemlrt.dll
 0002:00000230       __imp_emlrtSetDimensions   0000000180059230     libemlrt:libemlrt.dll
 0002:00000238       __imp_emlrtErrorWithMessageIdR2012b 0000000180059238     libemlrt:libemlrt.dll
 0002:00000240       __imp_emlrtForLoopVectorCheckR2012b 0000000180059240     libemlrt:libemlrt.dll
 0002:00000248       __imp_emlrtIntegerCheckR2012b 0000000180059248     libemlrt:libemlrt.dll
 0002:00000250       __imp_emlrtDynamicBoundsCheckR2012b 0000000180059250     libemlrt:libemlrt.dll
 0002:00000258       __imp_emlrtCallMATLABR2012b 0000000180059258     libemlrt:libemlrt.dll
 0002:00000260       __imp_emlrtBreakCheckR2012b 0000000180059260     libemlrt:libemlrt.dll
 0002:00000268       __imp_emlrtAlias           0000000180059268     libemlrt:libemlrt.dll
 0002:00000270       __imp_emlrtCreateDoubleScalar 0000000180059270     libemlrt:libemlrt.dll
 0002:00000278       __imp_emlrtCheckBuiltInR2012b 0000000180059278     libemlrt:libemlrt.dll
 0002:00000280       __imp_emlrtDestroyArray    0000000180059280     libemlrt:libemlrt.dll
 0002:00000288       __imp_emlrtCreateNumericArray 0000000180059288     libemlrt:libemlrt.dll
 0002:00000290       __imp_emlrtAssign          0000000180059290     libemlrt:libemlrt.dll
 0002:00000298       __imp_emlrtEnterRtStackR2012b 0000000180059298     libemlrt:libemlrt.dll
 0002:000002a0       \177libemlrt_NULL_THUNK_DATA 00000001800592a0     libemlrt:libemlrt.dll
 0002:000002a8       __imp_mexGetVariable       00000001800592a8     libmex:libmex.dll
 0002:000002b0       __imp_mexAtExit            00000001800592b0     libmex:libmex.dll
 0002:000002b8       __imp_mexPutVariable       00000001800592b8     libmex:libmex.dll
 0002:000002c0       \177libmex_NULL_THUNK_DATA 00000001800592c0     libmex:libmex.dll
 0002:000002c8       __imp_dnrm2                00000001800592c8     libmwblas:libmwblas.dll
 0002:000002d0       __imp_dscal                00000001800592d0     libmwblas:libmwblas.dll
 0002:000002d8       __imp_dgemv                00000001800592d8     libmwblas:libmwblas.dll
 0002:000002e0       __imp_dtrsm                00000001800592e0     libmwblas:libmwblas.dll
 0002:000002e8       __imp_idamax               00000001800592e8     libmwblas:libmwblas.dll
 0002:000002f0       __imp_dger                 00000001800592f0     libmwblas:libmwblas.dll
 0002:000002f8       \177libmwblas_NULL_THUNK_DATA 00000001800592f8     libmwblas:libmwblas.dll
 0002:00000300       __imp_muDoubleScalarSin    0000000180059300     libmwmathutil:libmwmathutil.dll
 0002:00000308       __imp_muDoubleScalarRound  0000000180059308     libmwmathutil:libmwmathutil.dll
 0002:00000310       __imp_muDoubleScalarCos    0000000180059310     libmwmathutil:libmwmathutil.dll
 0002:00000318       __imp_muDoubleScalarIsNaN  0000000180059318     libmwmathutil:libmwmathutil.dll
 0002:00000320       __imp_muDoubleScalarAbs    0000000180059320     libmwmathutil:libmwmathutil.dll
 0002:00000328       __imp_muDoubleScalarMin    0000000180059328     libmwmathutil:libmwmathutil.dll
 0002:00000330       __imp_muDoubleScalarMax    0000000180059330     libmwmathutil:libmwmathutil.dll
 0002:00000338       __imp_muDoubleScalarCeil   0000000180059338     libmwmathutil:libmwmathutil.dll
 0002:00000340       __imp_muDoubleScalarSqrt   0000000180059340     libmwmathutil:libmwmathutil.dll
 0002:00000348       __imp_muDoubleScalarAsin   0000000180059348     libmwmathutil:libmwmathutil.dll
 0002:00000350       __imp_muDoubleScalarAcos   0000000180059350     libmwmathutil:libmwmathutil.dll
 0002:00000358       __imp_muIntScalarMin_sint32 0000000180059358     libmwmathutil:libmwmathutil.dll
 0002:00000360       __imp_muDoubleScalarHypot  0000000180059360     libmwmathutil:libmwmathutil.dll
 0002:00000368       __imp_muDoubleScalarAtan2  0000000180059368     libmwmathutil:libmwmathutil.dll
 0002:00000370       __imp_muDoubleScalarFloor  0000000180059370     libmwmathutil:libmwmathutil.dll
 0002:00000378       \177libmwmathutil_NULL_THUNK_DATA 0000000180059378     libmwmathutil:libmwmathutil.dll
 0002:00000380       __imp_mxCreateStructMatrix_700 0000000180059380     libmx:libmx.dll
 0002:00000388       __imp_mxCreateLogicalMatrix_700 0000000180059388     libmx:libmx.dll
 0002:00000390       __imp_mxCreateString       0000000180059390     libmx:libmx.dll
 0002:00000398       __imp_mxSetFieldByNumber_700 0000000180059398     libmx:libmx.dll
 0002:000003a0       __imp_mxCreateDoubleScalar 00000001800593a0     libmx:libmx.dll
 0002:000003a8       __imp_mxCalloc             00000001800593a8     libmx:libmx.dll
 0002:000003b0       __imp_mxFree               00000001800593b0     libmx:libmx.dll
 0002:000003b8       __imp_mxMalloc             00000001800593b8     libmx:libmx.dll
 0002:000003c0       __imp_mxSetData            00000001800593c0     libmx:libmx.dll
 0002:000003c8       __imp_mxGetNaN             00000001800593c8     libmx:libmx.dll
 0002:000003d0       __imp_mxGetData            00000001800593d0     libmx:libmx.dll
 0002:000003d8       __imp_mxGetPr              00000001800593d8     libmx:libmx.dll
 0002:000003e0       \177libmx_NULL_THUNK_DATA  00000001800593e0     libmx:libmx.dll
 0002:000003e8       __xc_a                     00000001800593e8     MSVCRT:cinitexe.obj
 0002:000003f0       __xc_z                     00000001800593f0     MSVCRT:cinitexe.obj
 0002:000003f8       __xi_a                     00000001800593f8     MSVCRT:cinitexe.obj
 0002:00000408       __xi_z                     0000000180059408     MSVCRT:cinitexe.obj
 0002:00000420       ??_C@_06BNJCAIGJ@double?$AA@ 0000000180059420     GetINSCompensateFromVNS_mexutil.obj
 0002:00000428       ??_C@_0BB@OCJMPNJH@IsGetFirstMarker?$AA@ 0000000180059428     GetINSCompensateFromVNS_mexutil.obj
 0002:00000440       ??_C@_08HCNMLEEE@CalEndIN?$AA@ 0000000180059440     GetINSCompensateFromVNS_mexutil.obj
 0002:00000450       ??_C@_0L@CJHIKAEB@CalStartIN?$AA@ 0000000180059450     GetINSCompensateFromVNS_mexutil.obj
 0002:00000460       ??_C@_09FDDJKHC@visionFre?$AA@ 0000000180059460     GetINSCompensateFromVNS_mexutil.obj
 0002:00000470       ??_C@_0BG@EANAGDOD@InertialData_visual_k?$AA@ 0000000180059470     GetINSCompensateFromVNS_mexutil.obj
 0002:00000488       ??_C@_0M@ICDGACIC@inertialFre?$AA@ 0000000180059488     GetINSCompensateFromVNS_mexutil.obj
 0002:00000498       ??_C@_0BG@BJCMDKJA@VisionData_inertial_k?$AA@ 0000000180059498     GetINSCompensateFromVNS_mexutil.obj
 0002:000004b0       ??_C@_08EIELNHMN@IsOnLine?$AA@ 00000001800594b0     GetINSCompensateFromVNS_mexutil.obj
 0002:000004c0       ??_C@_08GFKGFAAJ@CalEndVN?$AA@ 00000001800594c0     GetINSCompensateFromVNS_mexutil.obj
 0002:000004cc       ??_C@_06FJKEMHGD@global?$AA@ 00000001800594cc     GetINSCompensateFromVNS_mexutil.obj
 0002:000004d8       ??_C@_0L@DOACEEAM@CalStartVN?$AA@ 00000001800594d8     GetINSCompensateFromVNS_mexutil.obj
 0002:000004e8       ??_C@_0BK@GGDJJFAL@otherMakersPosition_k_Dis?$AA@ 00000001800594e8     GetINSCompensateFromVNS.obj
 0002:00000508       ??_C@_0BP@BLCLCADC@otherMakersPosition_k_Dis_Norm?$AA@ 0000000180059508     GetINSCompensateFromVNS.obj
 0002:00000528       ??_C@_03LCHMLOOJ@dPi?$AA@  0000000180059528     GetINSCompensateFromVNS.obj
 0002:00000530       ??_C@_07MBPCJBFL@dPiNorm?$AA@ 0000000180059530     GetINSCompensateFromVNS.obj
 0002:00000538       ??_C@_0CB@FOCFCBHM@otherMakers_k_last?4ContinuesFlag@ 0000000180059538     GetINSCompensateFromVNS.obj
 0002:00000560       ??_C@_0BH@LBEEDGOH@otherMakers_k?4Position?$AA@ 0000000180059560     GetINSCompensateFromVNS.obj
 0002:00000578       ??_C@_0BM@JDCGKANA@otherMakers_k_last?4Position?$AA@ 0000000180059578     GetINSCompensateFromVNS.obj
 0002:00000598       ??_C@_0BG@FFKDMCBL@otherMakersPosition_k?$AA@ 0000000180059598     GetINSCompensateFromVNS.obj
 0002:000005b0       ??_C@_0N@KHPCOMBP@INSVNSMarkHC?$AA@ 00000001800595b0     GetINSCompensateFromVNS.obj
 0002:000005c0       ??_C@_0BM@DJOOKCPM@otherMakers_k?4ContinuesFlag?$AA@ 00000001800595c0     GetINSCompensateFromVNS.obj
 0002:000005dc       ??_C@_05IEFNJOJD@stepK?$AA@ 00000001800595dc     GetINSCompensateFromVNS.obj
 0002:000005e8       ??_C@_0BG@LAPIPILC@trackedMarkerVelocity?$AA@ 00000001800595e8     GetINSCompensateFromVNS.obj
 0002:00000600       ??_C@_0CC@NBIAPAPA@trackedMakerPosition_InertialTim@ 0000000180059600     GetINSCompensateFromVNS.obj
 0002:00000628       ??_C@_0BB@OFOCEPFA@InertialVelocity?$AA@ 0000000180059628     GetINSCompensateFromVNS.obj
 0002:00000640       ??_C@_0M@PNKPOCDK@otherMakers?$AA@ 0000000180059640     GetINSCompensateFromVNS.obj
 0002:00000650       ??_C@_0BD@JBJIPPAI@HipDisplacementNew?$AA@ 0000000180059650     GetINSCompensateFromVNS.obj
 0002:00000668       ??_C@_0BL@CCLEOOLC@InertialPositionCompensate?$AA@ 0000000180059668     GetINSCompensateFromVNS.obj
 0002:00000688       ??_C@_0BA@OJHNNEAJ@HipDisplacement?$AA@ 0000000180059688     GetINSCompensateFromVNS.obj
 0002:00000698       ??_C@_0BE@GFHCOIEM@InertialPositionNew?$AA@ 0000000180059698     GetINSCompensateFromVNS.obj
 0002:000006b0       ??_C@_0FG@GDNGIOHH@D?3?2Program?5Files?2MATLAB?2R2014a?2t@ 00000001800596b0     GetINSCompensateFromVNS.obj
 0002:00000706       ??_C@_00CNPNBAHC@?$AA@     0000000180059706     GetINSCompensateFromVNS.obj
 0002:00000708       ??_C@_0BB@CCDAILBF@INSVNSCalib_VS_k?$AA@ 0000000180059708     GetINSCompensateFromVNS.obj
 0002:00000720       ??_C@_0BB@MAIAILEG@INSVNSCalib_IS_k?$AA@ 0000000180059720     GetINSCompensateFromVNS.obj
 0002:00000738       ??_C@_0M@MHAJDMCE@dX_Inertial?$AA@ 0000000180059738     GetINSCompensateFromVNS.obj
 0002:00000748       ??_C@_08FGJHDICN@dX_Angle?$AA@ 0000000180059748     GetINSCompensateFromVNS.obj
 0002:00000758       ??_C@_09KOKCFLDK@dX_Vision?$AA@ 0000000180059758     GetINSCompensateFromVNS.obj
 0002:00000768       ??_C@_0BF@KJGHCFLC@trackedMakerPosition?$AA@ 0000000180059768     GetINSCompensateFromVNS.obj
 0002:00000780       ??_C@_0BB@IHMHKGLN@InertialPosition?$AA@ 0000000180059780     GetINSCompensateFromVNS.obj
 0002:00000798       ??_C@_08GCJNLIKG@Position?$AA@ 0000000180059798     GetINSCompensateFromVNS.obj
 0002:000007b0       ??_C@_0EG@DJANKBHC@D?3?2Program?5Files?2MATLAB?2R2014a?2t@ 00000001800597b0     GetINSCompensateFromVNS.obj
 0002:000007f8       ??_C@_09JANBMANM@eml_error?$AA@ 00000001800597f8     GetINSCompensateFromVNS.obj
 0002:00000810       ??_C@_0EC@NBBGKKHD@D?3?2Program?5Files?2MATLAB?2R2014a?2t@ 0000000180059810     GetINSCompensateFromVNS.obj
 0002:00000854       ??_C@_03BCGAIFPO@abs?$AA@  0000000180059854     GetINSCompensateFromVNS.obj
 0002:00000860       ??_C@_0EI@OEIFCPBB@D?3?2Program?5Files?2MATLAB?2R2014a?2t@ 0000000180059860     GetINSCompensateFromVNS.obj
 0002:000008a8       ??_C@_0M@OPBAGMPI@eml_flt2str?$AA@ 00000001800598a8     GetINSCompensateFromVNS.obj
 0002:000008c0       ??_C@_0EI@BAGGKBKH@D?3?2Program?5Files?2MATLAB?2R2014a?2t@ 00000001800598c0     GetINSCompensateFromVNS.obj
 0002:00000908       ??_C@_0M@MMMIKBD@eml_warning?$AA@ 0000000180059908     GetINSCompensateFromVNS.obj
 0002:00000920       ??_C@_0ED@BCJMBGHP@D?3?2Program?5Files?2MATLAB?2R2014a?2t@ 0000000180059920     GetINSCompensateFromVNS.obj
 0002:00000964       ??_C@_04FIHNOPOL@asin?$AA@ 0000000180059964     GetINSCompensateFromVNS.obj
 0002:00000970       ??_C@_0ED@NOHOBJPF@E?3?2document?5and?5program?2program_@ 0000000180059970     GetINSCompensateFromVNS.obj
 0002:000009b8       ??_C@_07EOHBPPIH@C2Euler?$AA@ 00000001800599b8     GetINSCompensateFromVNS.obj
 0002:000009c0       ??_C@_0DP@DPKJCJJO@E?3?2document?5and?5program?2program_@ 00000001800599c0     GetINSCompensateFromVNS.obj
 0002:00000a00       ??_C@_03FBLBGFBM@Q2C?$AA@  0000000180059a00     GetINSCompensateFromVNS.obj
 0002:00000a10       ??_C@_0ED@PNCFEICA@E?3?2document?5and?5program?2program_@ 0000000180059a10     GetINSCompensateFromVNS.obj
 0002:00000a58       ??_C@_07HAOPMJNB@Q2Euler?$AA@ 0000000180059a58     GetINSCompensateFromVNS.obj
 0002:00000a60       ??_C@_0EG@LCLEGMID@E?3?2document?5and?5program?2program_@ 0000000180059a60     GetINSCompensateFromVNS.obj
 0002:00000aa8       ??_C@_0L@JAIGNGMJ@Q2Attitude?$AA@ 0000000180059aa8     GetINSCompensateFromVNS.obj
 0002:00000ab8       ??_C@_0DP@ILKHBFBK@E?3?2document?5and?5program?2program_@ 0000000180059ab8     GetINSCompensateFromVNS.obj
 0002:00000af8       ??_C@_03NDFFIKNL@C2Q?$AA@  0000000180059af8     GetINSCompensateFromVNS.obj
 0002:00000b00       ??_C@_0EG@GGOPHPBC@E?3?2document?5and?5program?2program_@ 0000000180059b00     GetINSCompensateFromVNS.obj
 0002:00000b48       ??_C@_0L@GGBMKLMD@C2Attitude?$AA@ 0000000180059b48     GetINSCompensateFromVNS.obj
 0002:00000b60       ??_C@_0FC@NFCDLMFE@D?3?2Program?5Files?2MATLAB?2R2014a?2t@ 0000000180059b60     GetINSCompensateFromVNS.obj
 0002:00000bb4       ??_C@_05JHADPJMG@xgerc?$AA@ 0000000180059bb4     GetINSCompensateFromVNS.obj
 0002:00000bc0       ??_C@_0EL@JPBGAGOP@D?3?2Program?5Files?2MATLAB?2R2014a?2t@ 0000000180059bc0     GetINSCompensateFromVNS.obj
 0002:00000c10       ??_C@_09NHALFHO@eml_xgerc?$AA@ 0000000180059c10     GetINSCompensateFromVNS.obj
 0002:00000c20       ??_C@_0FC@FAFEBLKK@D?3?2Program?5Files?2MATLAB?2R2014a?2t@ 0000000180059c20     GetINSCompensateFromVNS.obj
 0002:00000c74       ??_C@_05LHMMPLJP@xgemv?$AA@ 0000000180059c74     GetINSCompensateFromVNS.obj
 0002:00000c80       ??_C@_0EL@BKGBKBBB@D?3?2Program?5Files?2MATLAB?2R2014a?2t@ 0000000180059c80     GetINSCompensateFromVNS.obj
 0002:00000cd0       ??_C@_09CNLPLHCH@eml_xgemv?$AA@ 0000000180059cd0     GetINSCompensateFromVNS.obj
 0002:00000ce0       ??_C@_0FL@DCDMJCHD@D?3?2Program?5Files?2MATLAB?2R2014a?2t@ 0000000180059ce0     GetINSCompensateFromVNS.obj
 0002:00000d40       ??_C@_0BB@JFHEEJFH@eml_matlab_zlarf?$AA@ 0000000180059d40     GetINSCompensateFromVNS.obj
 0002:00000d60       ??_C@_0FC@OPMIBKJA@D?3?2Program?5Files?2MATLAB?2R2014a?2t@ 0000000180059d60     GetINSCompensateFromVNS.obj
 0002:00000db4       ??_C@_05LOPAJGLO@xscal?$AA@ 0000000180059db4     GetINSCompensateFromVNS.obj
 0002:00000dc0       ??_C@_0EL@KFPNKACL@D?3?2Program?5Files?2MATLAB?2R2014a?2t@ 0000000180059dc0     GetINSCompensateFromVNS.obj
 0002:00000e10       ??_C@_09CEIDNKAG@eml_xscal?$AA@ 0000000180059e10     GetINSCompensateFromVNS.obj
 0002:00000e20       ??_C@_0FM@INKNCNNA@D?3?2Program?5Files?2MATLAB?2R2014a?2t@ 0000000180059e20     GetINSCompensateFromVNS.obj
 0002:00000e80       ??_C@_0BC@NPCGENHO@eml_matlab_zlarfg?$AA@ 0000000180059e80     GetINSCompensateFromVNS.obj
 0002:00000ea0       ??_C@_0FC@MPGJKDDA@D?3?2Program?5Files?2MATLAB?2R2014a?2t@ 0000000180059ea0     GetINSCompensateFromVNS.obj
 0002:00000ef4       ??_C@_05ODAHHMMJ@xnrm2?$AA@ 0000000180059ef4     GetINSCompensateFromVNS.obj
 0002:00000f00       ??_C@_0EL@IFFMBJIL@D?3?2Program?5Files?2MATLAB?2R2014a?2t@ 0000000180059f00     GetINSCompensateFromVNS.obj
 0002:00000f50       ??_C@_09HJHEDAHB@eml_xnrm2?$AA@ 0000000180059f50     GetINSCompensateFromVNS.obj
 0002:00000f60       ??_C@_0ED@IHIBCLPL@D?3?2Program?5Files?2MATLAB?2R2014a?2t@ 0000000180059f60     GetINSCompensateFromVNS.obj
 0002:00000fa4       ??_C@_04EIAKFFMI@sqrt?$AA@ 0000000180059fa4     GetINSCompensateFromVNS.obj
 0002:00000fb0       ??_C@_0FM@JNDJNOM@D?3?2Program?5Files?2MATLAB?2R2014a?2t@ 0000000180059fb0     GetINSCompensateFromVNS.obj
 0002:00001010       ??_C@_0BC@JEKIPDAB@eml_matlab_zgeqp3?$AA@ 000000018005a010     GetINSCompensateFromVNS.obj
 0002:00001030       ??_C@_0FO@OJMAJOJH@D?3?2Program?5Files?2MATLAB?2R2014a?2t@ 000000018005a030     GetINSCompensateFromVNS.obj
 0002:00001090       ??_C@_0BC@POPMBDEA@eml_lapack_xgeqp3?$AA@ 000000018005a090     GetINSCompensateFromVNS.obj
 0002:000010b0       ??_C@_0EO@PNBJJKFL@D?3?2Program?5Files?2MATLAB?2R2014a?2t@ 000000018005a0b0     GetINSCompensateFromVNS.obj
 0002:00001100       ??_C@_0L@EPAOPLHJ@eml_xgeqp3?$AA@ 000000018005a100     GetINSCompensateFromVNS.obj
 0002:00001110       ??_C@_0EI@EILMCBAF@D?3?2Program?5Files?2MATLAB?2R2014a?2t@ 000000018005a110     GetINSCompensateFromVNS.obj
 0002:00001158       ??_C@_0M@HNHEJPKK@eml_qrsolve?$AA@ 000000018005a158     GetINSCompensateFromVNS.obj
 0002:00001170       ??_C@_0FC@EAHJFGKH@D?3?2Program?5Files?2MATLAB?2R2014a?2t@ 000000018005a170     GetINSCompensateFromVNS.obj
 0002:000011c4       ??_C@_05OCMMDMAL@xtrsm?$AA@ 000000018005a1c4     GetINSCompensateFromVNS.obj
 0002:000011d0       ??_C@_0EL@KEMOMBM@D?3?2Program?5Files?2MATLAB?2R2014a?2t@ 000000018005a1d0     GetINSCompensateFromVNS.obj
 0002:00001220       ??_C@_09HILPHALD@eml_xtrsm?$AA@ 000000018005a220     GetINSCompensateFromVNS.obj
 0002:00001230       ??_C@_0FB@EPICKPFH@D?3?2Program?5Files?2MATLAB?2R2014a?2t@ 000000018005a230     GetINSCompensateFromVNS.obj
 0002:00001284       ??_C@_04FJLHOOJ@xger?$AA@  000000018005a284     GetINSCompensateFromVNS.obj
 0002:00001290       ??_C@_0FC@KAFBLEBH@D?3?2Program?5Files?2MATLAB?2R2014a?2t@ 000000018005a290     GetINSCompensateFromVNS.obj
 0002:000012e4       ??_C@_05ILJLEMBB@xgeru?$AA@ 000000018005a2e4     GetINSCompensateFromVNS.obj
 0002:000012f0       ??_C@_0EL@OKGEAOKM@D?3?2Program?5Files?2MATLAB?2R2014a?2t@ 000000018005a2f0     GetINSCompensateFromVNS.obj
 0002:00001340       ??_C@_09BBOIAAKJ@eml_xgeru?$AA@ 000000018005a340     GetINSCompensateFromVNS.obj
 0002:00001350       ??_C@_0FF@IGCCKEML@D?3?2Program?5Files?2MATLAB?2R2014a?2t@ 000000018005a350     GetINSCompensateFromVNS.obj
 0002:000013b0       ??_C@_0FC@GNEALCDK@D?3?2Program?5Files?2MATLAB?2R2014a?2t@ 000000018005a3b0     GetINSCompensateFromVNS.obj
 0002:00001404       ??_C@_05IHPMALCL@xswap?$AA@ 000000018005a404     GetINSCompensateFromVNS.obj
 0002:00001410       ??_C@_0EL@CHHFAIIB@D?3?2Program?5Files?2MATLAB?2R2014a?2t@ 000000018005a410     GetINSCompensateFromVNS.obj
 0002:00001460       ??_C@_09BNIPEHJD@eml_xswap?$AA@ 000000018005a460     GetINSCompensateFromVNS.obj
 0002:00001470       ??_C@_0FD@KJIHCOOL@D?3?2Program?5Files?2MATLAB?2R2014a?2t@ 000000018005a470     GetINSCompensateFromVNS.obj
 0002:000014c4       ??_C@_06FICBIFNB@ixamax?$AA@ 000000018005a4c4     GetINSCompensateFromVNS.obj
 0002:000014d0       ??_C@_0EM@BOOMCNGK@D?3?2Program?5Files?2MATLAB?2R2014a?2t@ 000000018005a4d0     GetINSCompensateFromVNS.obj
 0002:00001520       ??_C@_0L@JNABMNCD@eml_ixamax?$AA@ 000000018005a520     GetINSCompensateFromVNS.obj
 0002:00001530       ??_C@_0FM@NPANKAKP@D?3?2Program?5Files?2MATLAB?2R2014a?2t@ 000000018005a530     GetINSCompensateFromVNS.obj
 0002:00001590       ??_C@_0BC@GHDOHOEM@eml_matlab_zgetrf?$AA@ 000000018005a590     GetINSCompensateFromVNS.obj
 0002:000015b0       ??_C@_0FO@DPBOKDNE@D?3?2Program?5Files?2MATLAB?2R2014a?2t@ 000000018005a5b0     GetINSCompensateFromVNS.obj
 0002:00001610       ??_C@_0BC@NGKJOAN@eml_lapack_xgetrf?$AA@ 000000018005a610     GetINSCompensateFromVNS.obj
 0002:00001630       ??_C@_0EO@CLMHKHBI@D?3?2Program?5Files?2MATLAB?2R2014a?2t@ 000000018005a630     GetINSCompensateFromVNS.obj
 0002:00001680       ??_C@_0L@LMJIHGDE@eml_xgetrf?$AA@ 000000018005a680     GetINSCompensateFromVNS.obj
 0002:00001690       ??_C@_0EI@POINEGJE@D?3?2Program?5Files?2MATLAB?2R2014a?2t@ 000000018005a690     GetINSCompensateFromVNS.obj
 0002:000016d8       ??_C@_0M@FPGNIFNO@eml_lusolve?$AA@ 000000018005a6d8     GetINSCompensateFromVNS.obj
 0002:000016f0       ??_C@_0EF@HCJJHNEJ@D?3?2Program?5Files?2MATLAB?2R2014a?2t@ 000000018005a6f0     GetINSCompensateFromVNS.obj
 0002:00001738       ??_C@_08GNEFHMND@mrdivide?$AA@ 000000018005a738     GetINSCompensateFromVNS.obj
 0002:00001748       ??_C@_0DN@JOLHJPNA@E?3?2document?5and?5program?2program_@ 000000018005a748     GetINSCompensateFromVNS.obj
 0002:00001788       ??_C@_0M@JMDMDHFE@INSVNSCalib?$AA@ 000000018005a788     GetINSCompensateFromVNS.obj
 0002:000017a0       ??_C@_0EE@GMPPDJIG@D?3?2Program?5Files?2MATLAB?2R2014a?2t@ 000000018005a7a0     GetINSCompensateFromVNS.obj
 0002:000017e4       ??_C@_03LJAEFNNE@max?$AA@  000000018005a7e4     GetINSCompensateFromVNS.obj
 0002:000017f0       ??_C@_0EB@BAEEGFNE@E?3?2document?5and?5program?2program_@ 000000018005a7f0     GetINSCompensateFromVNS.obj
 0002:00001838       ??_C@_0BA@BOPJJCBD@SearchCalibData?$AA@ 000000018005a838     GetINSCompensateFromVNS.obj
 0002:00001850       ??_C@_0EF@LGIEHDLN@D?3?2Program?5Files?2MATLAB?2R2014a?2t@ 000000018005a850     GetINSCompensateFromVNS.obj
 0002:00001898       ??_C@_06HDIFKNJO@repmat?$AA@ 000000018005a898     GetINSCompensateFromVNS.obj
 0002:000018a0       ??_C@_0EL@KHMGNOFD@D?3?2Program?5Files?2MATLAB?2R2014a?2t@ 000000018005a8a0     GetINSCompensateFromVNS.obj
 0002:000018f0       ??_C@_0P@PAOJKEOI@eml_min_or_max?$AA@ 000000018005a8f0     GetINSCompensateFromVNS.obj
 0002:00001900       ??_C@_0EE@CJPNHKAE@D?3?2Program?5Files?2MATLAB?2R2014a?2t@ 000000018005a900     GetINSCompensateFromVNS.obj
 0002:00001944       ??_C@_03KLIPLJLL@min?$AA@  000000018005a944     GetINSCompensateFromVNS.obj
 0002:00001950       ??_C@_0FL@HCMKFJHA@D?3?2Program?5Files?2MATLAB?2R2014a?2t@ 000000018005a950     GetINSCompensateFromVNS.obj
 0002:000019b0       ??_C@_0BP@OEONONCM@eml_int_forloop_overflow_check?$AA@ 000000018005a9b0     GetINSCompensateFromVNS.obj
 0002:000019d0       ??_C@_0DN@IOOFPBPE@E?3?2document?5and?5program?2program_@ 000000018005a9d0     GetINSCompensateFromVNS.obj
 0002:00001a10       ??_C@_0M@IABIELIM@CalVelocity?$AA@ 000000018005aa10     GetINSCompensateFromVNS.obj
 0002:00001a20       ??_C@_0EE@FPGBOGOK@E?3?2document?5and?5program?2program_@ 000000018005aa20     GetINSCompensateFromVNS.obj
 0002:00001a68       ??_C@_0BD@MBKGJJHK@GetRightOtherMaker?$AA@ 000000018005aa68     GetINSCompensateFromVNS.obj
 0002:00001a80       ??_C@_0ED@DMHJGOAG@D?3?2Program?5Files?2MATLAB?2R2014a?2t@ 000000018005aa80     GetINSCompensateFromVNS.obj
 0002:00001ac4       ??_C@_04PDIFKINK@acos?$AA@ 000000018005aac4     GetINSCompensateFromVNS.obj
 0002:00001ad0       ??_C@_0EJ@OJJDDCHP@E?3?2document?5and?5program?2program_@ 000000018005aad0     GetINSCompensateFromVNS.obj
 0002:00001b20       ??_C@_0BI@PCNBFJJI@GetINSCompensateFromVNS?$AA@ 000000018005ab20     GetINSCompensateFromVNS.obj
 0002:00001b38       __real@3ff0000000000000    000000018005ab38     GetINSCompensateFromVNS.obj
 0002:00001b40       __real@3fc999999999999a    000000018005ab40     GetINSCompensateFromVNS.obj
 0002:00001b48       __real@3fb999999999999a    000000018005ab48     GetINSCompensateFromVNS.obj
 0002:00001b50       ??_C@_0P@BDMNHBEB@DrawCompensate?$AA@ 000000018005ab50     GetINSCompensateFromVNS.obj
 0002:00001b60       __real@401921fb54442d18    000000018005ab60     GetINSCompensateFromVNS.obj
 0002:00001b68       __real@3cb0000000000000    000000018005ab68     GetINSCompensateFromVNS.obj
 0002:00001b70       __real@c01921fb54442d18    000000018005ab70     GetINSCompensateFromVNS.obj
 0002:00001b80       __mask@@NegDouble@         000000018005ab80     GetINSCompensateFromVNS.obj
 0002:00001b90       __real@0000000000000000    000000018005ab90     GetINSCompensateFromVNS.obj
 0002:00001b98       __real@3fd3333333333333    000000018005ab98     GetINSCompensateFromVNS.obj
 0002:00001ba0       __real@3fe999999999999a    000000018005aba0     GetINSCompensateFromVNS.obj
 0002:00001ba8       __real@3ff8000000000000    000000018005aba8     GetINSCompensateFromVNS.obj
 0002:00001bb0       __real@40c6800000000000    000000018005abb0     GetINSCompensateFromVNS.obj
 0002:00001bc8       __real@4000000000000000    000000018005abc8     GetINSCompensateFromVNS.obj
 0002:00001bd0       ??_C@_0BP@KBACPONM@Coder?3toolbox?3ElFunDomainError?$AA@ 000000018005abd0     GetINSCompensateFromVNS.obj
 0002:00001bf0       ??_C@_07JFPGMOK@fprintf?$AA@ 000000018005abf0     GetINSCompensateFromVNS.obj
 0002:00001bf8       ??_C@_07ONPBMBOP@message?$AA@ 000000018005abf8     GetINSCompensateFromVNS.obj
 0002:00001c00       __real@0010000000000000    000000018005ac00     GetINSCompensateFromVNS.obj
 0002:00001c08       ??_C@_04LJCHJAHJ@plot?$AA@ 000000018005ac08     GetINSCompensateFromVNS.obj
 0002:00001c10       ??_C@_07DNAEFDKF@sprintf?$AA@ 000000018005ac10     GetINSCompensateFromVNS.obj
 0002:00001c18       ??_C@_07PHBDGCDI@waitbar?$AA@ 000000018005ac18     GetINSCompensateFromVNS.obj
 0002:00001c20       ??_C@_05LBOHBHFK@close?$AA@ 000000018005ac20     GetINSCompensateFromVNS.obj
 0002:00001c28       ??_C@_04GKMJMOBJ@disp?$AA@ 000000018005ac28     GetINSCompensateFromVNS.obj
 0002:00001c30       ??_C@_0P@EIFAJPB@ContinuesLastK?$AA@ 000000018005ac30     GetINSCompensateFromVNS.obj
 0002:00001c48       ??_C@_0BC@EANKKEO@ContinuesLastTime?$AA@ 000000018005ac48     GetINSCompensateFromVNS.obj
 0002:00001c60       ??_C@_0BG@DEMOAGDN@ContinuesLastPosition?$AA@ 000000018005ac60     GetINSCompensateFromVNS.obj
 0002:00001c78       ??_C@_0O@HJLGIKGO@ContinuesFlag?$AA@ 000000018005ac78     GetINSCompensateFromVNS.obj
 0002:00001c90       ??_C@_09FMDBDILP@MarkerSet?$AA@ 000000018005ac90     GetINSCompensateFromVNS.obj
 0002:00001ca0       ??_C@_0L@ILNJOHGG@inertial_k?$AA@ 000000018005aca0     GetINSCompensateFromVNS.obj
 0002:00001cac       ??_C@_04CLCEDBPF@time?$AA@ 000000018005acac     GetINSCompensateFromVNS.obj
 0002:00001cb8       ??_C@_0N@KIALBENL@otherMakersN?$AA@ 000000018005acb8     GetINSCompensateFromVNS.obj
 0002:00001cd0       ??_C@_09KJGFCOBE@frequency?$AA@ 000000018005acd0     GetINSCompensateFromVNS.obj
 0002:00001cdc       ??_C@_05GIMEPBJB@int32?$AA@ 000000018005acdc     GetINSCompensateFromVNS.obj
 0002:00001ce4       ??_C@_05KKCIMGE@error?$AA@ 000000018005ace4     GetINSCompensateFromVNS.obj
 0002:00001cec       ??_C@_04DCGBOBJJ@int8?$AA@ 000000018005acec     GetINSCompensateFromVNS.obj
 0002:00001cf4       ??_C@_06JNACNPOD@figure?$AA@ 000000018005acf4     GetINSCompensateFromVNS.obj
 0002:00001cfc       ??_C@_06DLEPGFEF@format?$AA@ 000000018005acfc     GetINSCompensateFromVNS.obj
 0002:00001d04       ??_C@_04LDIGEPNM@hold?$AA@ 000000018005ad04     GetINSCompensateFromVNS.obj
 0002:00001d0c       ??_C@_04ENMBGAPA@char?$AA@ 000000018005ad0c     GetINSCompensateFromVNS.obj
 0002:00001d18       ??_C@_07FPLKDJGL@warning?$AA@ 000000018005ad18     GetINSCompensateFromVNS.obj
 0002:00001d20       __real@bff0000000000000    000000018005ad20     GetINSCompensateFromVNS.obj
 0002:00001d28       __real@3fe0000000000000    000000018005ad28     GetINSCompensateFromVNS.obj
 0002:00001d30       __real@4010000000000000    000000018005ad30     GetINSCompensateFromVNS.obj
 0002:00001d40       __real@401c000000000000    000000018005ad40     GetINSCompensateFromVNS.obj
 0002:00001d48       __real@4058000000000000    000000018005ad48     GetINSCompensateFromVNS.obj
 0002:00001d50       __real@403e000000000000    000000018005ad50     GetINSCompensateFromVNS.obj
 0002:00001d90       __real@bfebecde5da115a8    000000018005ad90     GetINSCompensateFromVNS.obj
 0002:00001d98       __real@bff38c35418a5bf6    000000018005ad98     GetINSCompensateFromVNS.obj
 0002:00001da0       __real@3ff38c35418a5bf6    000000018005ada0     GetINSCompensateFromVNS.obj
 0002:00001da8       __real@3febecde5da115a8    000000018005ada8     GetINSCompensateFromVNS.obj
 0002:00001db0       __real@bff921fb54442d18    000000018005adb0     GetINSCompensateFromVNS.obj
 0002:00001db8       __real@3ff921fb54442d18    000000018005adb8     GetINSCompensateFromVNS.obj
 0002:00001dc0       __real@400921fb54442d18    000000018005adc0     GetINSCompensateFromVNS.obj
 0002:00001dc8       __real@3fe0c152382d7365    000000018005adc8     GetINSCompensateFromVNS.obj
 0002:00001dd8       __real@3fd6666666666666    000000018005add8     GetINSCompensateFromVNS.obj
 0002:00001de0       __real@3fc70a3d70a3d70a    000000018005ade0     GetINSCompensateFromVNS.obj
 0002:00001de8       __real@3ff4cccccccccccd    000000018005ade8     GetINSCompensateFromVNS.obj
 0002:00001df0       __real@3fdd0ad2c7c63f7d    000000018005adf0     GetINSCompensateFromVNS.obj
 0002:00001df8       __real@3fc0a3d70a3d70a4    000000018005adf8     GetINSCompensateFromVNS.obj
 0002:00001e00       __real@3fd657184ae74487    000000018005ae00     GetINSCompensateFromVNS.obj
 0002:00001e08       __real@40ac200000000000    000000018005ae08     GetINSCompensateFromVNS.obj
 0002:00001ec8       __real@4034000000000000    000000018005aec8     GetINSCompensateFromVNS.obj
 0002:00001ed8       __real@c1e0000000000000    000000018005aed8     GetINSCompensateFromVNS.obj
 0002:00001ee0       __real@3fd999999999999a    000000018005aee0     GetINSCompensateFromVNS.obj
 0002:00001f10       ??_C@_0O@CFKIKNMC@BodyDirection?$AA@ 000000018005af10     GetINSCompensateFromVNS.obj
 0002:00001f20       ??_C@_0N@JFMJFOKG@HeadPosition?$AA@ 000000018005af20     GetINSCompensateFromVNS.obj
 0002:00001f30       ??_C@_0P@FAPOMMKG@HeadQuaternion?$AA@ 000000018005af30     GetINSCompensateFromVNS.obj
 0002:00001f40       ??_C@_0M@BEPOIGEM@HipPosition?$AA@ 000000018005af40     GetINSCompensateFromVNS.obj
 0002:00001f50       ??_C@_0O@HMGHAMBB@HipQuaternion?$AA@ 000000018005af50     GetINSCompensateFromVNS.obj
 0002:00001f60       ??_C@_08OHMPHBPN@visual_k?$AA@ 000000018005af60     GetINSCompensateFromVNS.obj
 0002:00001f70       __real@402c000000000000    000000018005af70     GetINSCompensateFromVNS.obj
 0002:00001f78       __real@4018000000000000    000000018005af78     GetINSCompensateFromVNS.obj
 0002:00001f90       __real@3e50000000000000    000000018005af90     GetINSCompensateFromVNS.obj
 0002:00001f98       __real@7c90000000000000    000000018005af98     GetINSCompensateFromVNS.obj
 0002:00001fa0       __real@0350000000000000    000000018005afa0     GetINSCompensateFromVNS.obj
 0002:00001fc8       __real@3fc657184ae74487    000000018005afc8     GetINSCompensateFromVNS.obj
 0002:00001fd0       __real@4066800000000000    000000018005afd0     GetINSCompensateFromVNS.obj
 0002:00002030       __real@bfc657184ae74487    000000018005b030     GetINSCompensateFromVNS.obj
 0002:00002038       __real@bfc999999999999a    000000018005b038     GetINSCompensateFromVNS.obj
 0002:00002048       __real@404e000000000000    000000018005b048     GetINSCompensateFromVNS.obj
 0002:000020d8       __real@4008000000000000    000000018005b0d8     GetINSCompensateFromVNS.obj
 0002:000020e0       __real@41e0000000000000    000000018005b0e0     GetINSCompensateFromVNS.obj
 0002:000020e8       __real@4076800000000000    000000018005b0e8     GetINSCompensateFromVNS.obj
 0002:00002198       ??_C@_0M@KFMJMJBB@CalEndVN_in?$AA@ 000000018005b198     GetINSCompensateFromVNS.obj
 0002:000021a8       ??_C@_0O@FMBHLLAF@CalStartVN_in?$AA@ 000000018005b1a8     GetINSCompensateFromVNS.obj
 0002:000021b8       ??_C@_0P@DNFELLHH@compensateRate?$AA@ 000000018005b1b8     GetINSCompensateFromVNS.obj
 0002:000021c8       ??_C@_0N@OJCEKHEL@InertialData?$AA@ 000000018005b1c8     GetINSCompensateFromVNS.obj
 0002:000021d8       ??_C@_0CF@OIONOIOI@EMLRT?3runTime?3TooManyOutputArgum@ 000000018005b1d8     _coder_GetINSCompensateFromVNS_mex.obj
 0002:00002200       ??_C@_0CC@IMHDKEMC@EMLRT?3runTime?3WrongNumberOfInput@ 000000018005b200     _coder_GetINSCompensateFromVNS_mex.obj
 0002:00002228       ??_C@_0DH@IOHKIJGP@?$FLILXE?$FN$matlabroot$?1toolbox?1eml?1l@ 000000018005b228     _coder_GetINSCompensateFromVNS_info.obj
 0002:00002260       ??_C@_0EC@NFHIFAKL@?$FLILXE?$FN$matlabroot$?1toolbox?1eml?1l@ 000000018005b260     _coder_GetINSCompensateFromVNS_info.obj
 0002:000022a8       ??_C@_0BC@CHEDBFHF@eml_mtimes_helper?$AA@ 000000018005b2a8     _coder_GetINSCompensateFromVNS_info.obj
 0002:000022c0       ??_C@_0DL@CPGBKHND@?$FLILXE?$FN$matlabroot$?1toolbox?1eml?1l@ 000000018005b2c0     _coder_GetINSCompensateFromVNS_info.obj
 0002:00002300       ??_C@_07BEBGNMOP@normest?$AA@ 000000018005b300     _coder_GetINSCompensateFromVNS_info.obj
 0002:00002308       ??_C@_0DI@NOGOOKFE@?$FLILXE?$FN$matlabroot$?1toolbox?1eml?1l@ 000000018005b308     _coder_GetINSCompensateFromVNS_info.obj
 0002:00002340       ??_C@_05LGCGPNNP@isnan?$AA@ 000000018005b340     _coder_GetINSCompensateFromVNS_info.obj
 0002:00002350       ??_C@_0ED@LCKCOCGE@?$FLILXE?$FN$matlabroot$?1toolbox?1eml?1l@ 000000018005b350     _coder_GetINSCompensateFromVNS_info.obj
 0002:000023a0       ??_C@_0EA@IPGEPJOC@?$FLE?$FNE?3?1document?5and?5program?1progr@ 000000018005b3a0     _coder_GetINSCompensateFromVNS_info.obj
 0002:000023e0       ??_C@_0DJ@HMGCMLEI@?$FLILXE?$FN$matlabroot$?1toolbox?1eml?1l@ 000000018005b3e0     _coder_GetINSCompensateFromVNS_info.obj
 0002:0000241c       ??_C@_06IJDLPEM@length?$AA@ 000000018005b41c     _coder_GetINSCompensateFromVNS_info.obj
 0002:00002430       ??_C@_0EB@CBKHBLLN@?$FLILXE?$FN$matlabroot$?1toolbox?1eml?1l@ 000000018005b430     _coder_GetINSCompensateFromVNS_info.obj
 0002:00002478       ??_C@_0P@EGJNONEH@eml_scalar_fix?$AA@ 000000018005b478     _coder_GetINSCompensateFromVNS_info.obj
 0002:00002488       ??_C@_0DG@NCCOGNGC@?$FLILXE?$FN$matlabroot$?1toolbox?1eml?1l@ 000000018005b488     _coder_GetINSCompensateFromVNS_info.obj
 0002:000024c0       ??_C@_03GABGILGN@fix?$AA@  000000018005b4c0     _coder_GetINSCompensateFromVNS_info.obj
 0002:000024c8       ??_C@_0DI@JIPJFLJ@?$FLILXE?$FN$matlabroot$?1toolbox?1eml?1l@ 000000018005b4c8     _coder_GetINSCompensateFromVNS_info.obj
 0002:00002500       ??_C@_0DJ@LGGCAFOA@?$FLILXE?$FN$matlabroot$?1toolbox?1eml?1l@ 000000018005b500     _coder_GetINSCompensateFromVNS_info.obj
 0002:00002540       ??_C@_0FF@DCCJPJCD@?$FLE?$FNE?3?1document?5and?5program?1progr@ 000000018005b540     _coder_GetINSCompensateFromVNS_info.obj
 0002:000025a0       ??_C@_0EH@IDAGDDDE@?$FLE?$FNE?3?1document?5and?5program?1progr@ 000000018005b5a0     _coder_GetINSCompensateFromVNS_info.obj
 0002:000025e8       ??_C@_06PBJBIPGK@struct?$AA@ 000000018005b5e8     _coder_GetINSCompensateFromVNS_info.obj
 0002:000025f0       ??_C@_0EM@KOMJONFK@?$FLE?$FNE?3?1document?5and?5program?1progr@ 000000018005b5f0     _coder_GetINSCompensateFromVNS_info.obj
 0002:00002640       ??_C@_0EP@LONMACPJ@?$FLILXE?$FN$matlabroot$?1toolbox?1eml?1l@ 000000018005b640     _coder_GetINSCompensateFromVNS_info.obj
 0002:00002690       ??_C@_0EJ@HLMHKLKO@?$FLIXE?$FN$matlabroot$?1toolbox?1shared@ 000000018005b690     _coder_GetINSCompensateFromVNS_info.obj
 0002:000026e0       ??_C@_0BI@LDCJGPIC@coder?4internal?4prodsize?$AA@ 000000018005b6e0     _coder_GetINSCompensateFromVNS_info.obj
 0002:00002700       ??_C@_0FH@BDMJPNAA@?$FLILXE?$FN$matlabroot$?1toolbox?1eml?1l@ 000000018005b700     _coder_GetINSCompensateFromVNS_info.obj
 0002:00002760       ??_C@_0EG@GFHILBJM@?$FLIXE?$FN$matlabroot$?1toolbox?1coder?1@ 000000018005b760     _coder_GetINSCompensateFromVNS_info.obj
 0002:000027a8       ??_C@_0BM@OMMFNHB@coder?4internal?4scalexpAlloc?$AA@ 000000018005b7a8     _coder_GetINSCompensateFromVNS_info.obj
 0002:000027d0       ??_C@_0EC@EDKCHFKG@?$FLILXE?$FN$matlabroot$?1toolbox?1eml?1l@ 000000018005b7d0     _coder_GetINSCompensateFromVNS_info.obj
 0002:00002818       ??_C@_0BC@JEELAMCJ@eml_scalexp_alloc?$AA@ 000000018005b818     _coder_GetINSCompensateFromVNS_info.obj
 0002:00002830       ??_C@_0DO@FIFFNPJ@?$FLILXE?$FN$matlabroot$?1toolbox?1eml?1l@ 000000018005b830     _coder_GetINSCompensateFromVNS_info.obj
 0002:00002870       ??_C@_0O@DGEIFEHG@eml_scalar_eg?$AA@ 000000018005b870     _coder_GetINSCompensateFromVNS_info.obj
 0002:00002880       ??_C@_0FA@HLMNPFDP@?$FLILXE?$FN$matlabroot$?1toolbox?1eml?1l@ 000000018005b880     _coder_GetINSCompensateFromVNS_info.obj
 0002:000028d0       ??_C@_0DP@JHLGJKEB@?$FLILXE?$FN$matlabroot$?1toolbox?1eml?1l@ 000000018005b8d0     _coder_GetINSCompensateFromVNS_info.obj
 0002:00002910       ??_C@_0DI@EMINNGDL@?$FLILXE?$FN$matlabroot$?1toolbox?1eml?1l@ 000000018005b910     _coder_GetINSCompensateFromVNS_info.obj
 0002:00002948       ??_C@_0BI@MOBBIOAA@coder?4internal?4indexInt?$AA@ 000000018005b948     _coder_GetINSCompensateFromVNS_info.obj
 0002:00002960       ??_C@_0EA@GLIAMHNI@?$FLILXE?$FN$matlabroot$?1toolbox?1eml?1l@ 000000018005b960     _coder_GetINSCompensateFromVNS_info.obj
 0002:000029a0       ??_C@_0BA@LGKKDMEL@eml_index_class?$AA@ 000000018005b9a0     _coder_GetINSCompensateFromVNS_info.obj
 0002:000029b0       ??_C@_0GG@OHNAOPF@?$FLIXE?$FN$matlabroot$?1toolbox?1shared@ 000000018005b9b0     _coder_GetINSCompensateFromVNS_info.obj
 0002:00002a20       ??_C@_0EA@BFEKENJA@?$FLILXE?$FN$matlabroot$?1toolbox?1eml?1l@ 000000018005ba20     _coder_GetINSCompensateFromVNS_info.obj
 0002:00002a60       ??_C@_0BA@PBHEJPIB@eml_float_model?$AA@ 000000018005ba60     _coder_GetINSCompensateFromVNS_info.obj
 0002:00002a70       ??_C@_0HB@PKGEOBOK@?$FLIXE?$FN$matlabroot$?1toolbox?1shared@ 000000018005ba70     _coder_GetINSCompensateFromVNS_info.obj
 0002:00002af0       ??_C@_0GA@HKGMBGFK@?$FLIXE?$FN$matlabroot$?1toolbox?1shared@ 000000018005baf0     _coder_GetINSCompensateFromVNS_info.obj
 0002:00002b50       ??_C@_0EO@OCDIBMGI@?$FLIXE?$FN$matlabroot$?1toolbox?1shared@ 000000018005bb50     _coder_GetINSCompensateFromVNS_info.obj
 0002:00002ba0       ??_C@_0BN@EIMLBOBO@coder?4internal?4indexIntRelop?$AA@ 000000018005bba0     _coder_GetINSCompensateFromVNS_info.obj
 0002:00002bc0       ??_C@_0EC@LHGHJECH@?$FLILXE?$FN$matlabroot$?1toolbox?1eml?1l@ 000000018005bbc0     _coder_GetINSCompensateFromVNS_info.obj
 0002:00002c08       ??_C@_0BC@MBJAEGPC@eml_switch_helper?$AA@ 000000018005bc08     _coder_GetINSCompensateFromVNS_info.obj
 0002:00002c20       ??_C@_0DJ@LELBHOFI@?$FLILXE?$FN$matlabroot$?1toolbox?1eml?1l@ 000000018005bc20     _coder_GetINSCompensateFromVNS_info.obj
 0002:00002c5c       ??_C@_06DHCFJIMK@intmin?$AA@ 000000018005bc5c     _coder_GetINSCompensateFromVNS_info.obj
 0002:00002c68       ??_C@_0DJ@PBLDDNNK@?$FLILXE?$FN$matlabroot$?1toolbox?1eml?1l@ 000000018005bc68     _coder_GetINSCompensateFromVNS_info.obj
 0002:00002ca4       ??_C@_06CFKOHMKF@intmax?$AA@ 000000018005bca4     _coder_GetINSCompensateFromVNS_info.obj
 0002:00002cb0       ??_C@_0EF@DPCDEFCH@?$FLILXE?$FN$matlabroot$?1toolbox?1eml?1l@ 000000018005bcb0     _coder_GetINSCompensateFromVNS_info.obj
 0002:00002cf8       ??_C@_0BF@NDLHKLNB@eml_is_integer_class?$AA@ 000000018005bcf8     _coder_GetINSCompensateFromVNS_info.obj
 0002:00002d10       ??_C@_0FF@HJMFBFKK@?$FLILXE?$FN$matlabroot$?1toolbox?1eml?1l@ 000000018005bd10     _coder_GetINSCompensateFromVNS_info.obj
 0002:00002d68       ??_C@_0DI@IEIPGFNC@?$FLILXE?$FN$matlabroot$?1toolbox?1eml?1l@ 000000018005bd68     _coder_GetINSCompensateFromVNS_info.obj
 0002:00002da0       ??_C@_05OIHEAIFD@isinf?$AA@ 000000018005bda0     _coder_GetINSCompensateFromVNS_info.obj
 0002:00002db0       ??_C@_0FF@BHCOHPII@?$FLILXE?$FN$matlabroot$?1toolbox?1eml?1l@ 000000018005bdb0     _coder_GetINSCompensateFromVNS_info.obj
 0002:00002e10       ??_C@_0FB@CNDLNLEB@?$FLIXE?$FN$matlabroot$?1toolbox?1shared@ 000000018005be10     _coder_GetINSCompensateFromVNS_info.obj
 0002:00002e68       ??_C@_0CA@GGIPMLJM@coder?4internal?4isBuiltInNumeric?$AA@ 000000018005be68     _coder_GetINSCompensateFromVNS_info.obj
 0002:00002e90       ??_C@_0EK@OCGHDCDA@?$FLILXE?$FN$matlabroot$?1toolbox?1eml?1l@ 000000018005be90     _coder_GetINSCompensateFromVNS_info.obj
 0002:00002ee0       ??_C@_0BK@POIJPMHI@eml_assert_valid_size_arg?$AA@ 000000018005bee0     _coder_GetINSCompensateFromVNS_info.obj
 0002:00002f00       ??_C@_0EH@KANLIOMH@?$FLIXE?$FN$matlabroot$?1toolbox?1shared@ 000000018005bf00     _coder_GetINSCompensateFromVNS_info.obj
 0002:00002f48       ??_C@_0BG@JDHJGNPG@coder?4internal?4assert?$AA@ 000000018005bf48     _coder_GetINSCompensateFromVNS_info.obj
 0002:00002f60       ??_C@_0DJ@DMNFGGIL@?$FLILXE?$FN$matlabroot$?1toolbox?1eml?1l@ 000000018005bf60     _coder_GetINSCompensateFromVNS_info.obj
 0002:00002fa0       ??_C@_0FH@LLHAOBOK@?$FLE?$FNE?3?1document?5and?5program?1progr@ 000000018005bfa0     _coder_GetINSCompensateFromVNS_info.obj
 0002:00003000       ??_C@_0EI@PGBGALOP@?$FLIXE?$FN$matlabroot$?1toolbox?1coder?1@ 000000018005c000     _coder_GetINSCompensateFromVNS_info.obj
 0002:00003048       ??_C@_0BN@GJOIDMMC@coder?4internal?4refblas?4xgemm?$AA@ 000000018005c048     _coder_GetINSCompensateFromVNS_info.obj
 0002:00003070       ??_C@_0EC@PDLFHDBC@?$FLIXE?$FN$matlabroot$?1toolbox?1coder?1@ 000000018005c070     _coder_GetINSCompensateFromVNS_info.obj
 0002:000030b8       ??_C@_0BI@GOAEPJB@coder?4internal?4scalarEg?$AA@ 000000018005c0b8     _coder_GetINSCompensateFromVNS_info.obj
 0002:000030d0       ??_C@_0EF@KLIFHPBK@?$FLIXE?$FN$matlabroot$?1toolbox?1coder?1@ 000000018005c0d0     _coder_GetINSCompensateFromVNS_info.obj
 0002:00003118       ??_C@_03ONJNNIPF@lhs?$AA@  000000018005c118     _coder_GetINSCompensateFromVNS_info.obj
 0002:0000311c       ??_C@_03FNFLPIFJ@rhs?$AA@  000000018005c11c     _coder_GetINSCompensateFromVNS_info.obj
 0002:00003120       ??_C@_0M@FMAJFPGC@mFileTimeHi?$AA@ 000000018005c120     _coder_GetINSCompensateFromVNS_info.obj
 0002:00003130       ??_C@_0M@NFKFADI@mFileTimeLo?$AA@ 000000018005c130     _coder_GetINSCompensateFromVNS_info.obj
 0002:00003140       ??_C@_0L@HMDKMKNA@fileTimeHi?$AA@ 000000018005c140     _coder_GetINSCompensateFromVNS_info.obj
 0002:00003150       ??_C@_0L@CNGJMFIK@fileTimeLo?$AA@ 000000018005c150     _coder_GetINSCompensateFromVNS_info.obj
 0002:00003160       ??_C@_08CGJBBLIA@resolved?$AA@ 000000018005c160     _coder_GetINSCompensateFromVNS_info.obj
 0002:00003170       ??_C@_0EJ@MGKBDECG@?$FLIXE?$FN$matlabroot$?1toolbox?1coder?1@ 000000018005c170     _coder_GetINSCompensateFromVNS_info.obj
 0002:000031c0       ??_C@_0N@IGLAPNJK@dominantType?$AA@ 000000018005c1c0     _coder_GetINSCompensateFromVNS_info.obj
 0002:000031d0       ??_C@_04MEMAJGDJ@name?$AA@ 000000018005c1d0     _coder_GetINSCompensateFromVNS_info.obj
 0002:000031d8       ??_C@_0BO@NKMCCJOO@coder?4internal?4blas?4threshold?$AA@ 000000018005c1d8     _coder_GetINSCompensateFromVNS_info.obj
 0002:000031f8       ??_C@_07JKKCBBMM@context?$AA@ 000000018005c1f8     _coder_GetINSCompensateFromVNS_info.obj
 0002:00003200       ??_C@_0FF@MJCAPMCO@?$FLIXE?$FN$matlabroot$?1toolbox?1coder?1@ 000000018005c200     _coder_GetINSCompensateFromVNS_info.obj
 0002:00003260       ??_C@_0EB@NCIHPOOF@?$FLILXE?$FN$matlabroot$?1toolbox?1eml?1l@ 000000018005c260     _coder_GetINSCompensateFromVNS_info.obj
 0002:000032a8       ??_C@_0BB@PACNMNAE@eml_isequal_core?$AA@ 000000018005c2a8     _coder_GetINSCompensateFromVNS_info.obj
 0002:000032c0       ??_C@_0DK@ENDCOJGF@?$FLILXE?$FN$matlabroot$?1toolbox?1eml?1l@ 000000018005c2c0     _coder_GetINSCompensateFromVNS_info.obj
 0002:00003300       ??_C@_07MIMONDDE@isequal?$AA@ 000000018005c300     _coder_GetINSCompensateFromVNS_info.obj
 0002:00003308       ??_C@_0DI@IHPGCDDP@?$FLILXE?$FN$matlabroot$?1toolbox?1eml?1l@ 000000018005c308     _coder_GetINSCompensateFromVNS_info.obj
 0002:00003340       ??_C@_07EIHKFOOB@logical?$AA@ 000000018005c340     _coder_GetINSCompensateFromVNS_info.obj
 0002:00003348       ??_C@_03CFFIJAMA@sum?$AA@  000000018005c348     _coder_GetINSCompensateFromVNS_info.obj
 0002:00003350       ??_C@_0FG@FGDMHDKK@?$FLE?$FNE?3?1document?5and?5program?1progr@ 000000018005c350     _coder_GetINSCompensateFromVNS_info.obj
 0002:000033b0       ??_C@_0HF@KHPAKDPE@?$FLILXE?$FN$matlabroot$?1toolbox?1eml?1l@ 000000018005c3b0     _coder_GetINSCompensateFromVNS_info.obj
 0002:00003430       ??_C@_0FH@JGNMPAKE@?$FLE?$FNE?3?1document?5and?5program?1progr@ 000000018005c430     _coder_GetINSCompensateFromVNS_info.obj
 0002:00003488       ??_C@_0CM@FAIKNHIM@?$FLIXMB?$FN$matlabroot$?1toolbox?1matla@ 000000018005c488     _coder_GetINSCompensateFromVNS_info.obj
 0002:000034c0       ??_C@_0ED@BIIMGNAK@?$FLILXE?$FN$matlabroot$?1toolbox?1eml?1l@ 000000018005c4c0     _coder_GetINSCompensateFromVNS_info.obj
 0002:00003508       ??_C@_0BB@DKCPHGKF@eml_scalar_floor?$AA@ 000000018005c508     _coder_GetINSCompensateFromVNS_info.obj
 0002:00003520       ??_C@_0DI@KHEKJDFK@?$FLILXE?$FN$matlabroot$?1toolbox?1eml?1l@ 000000018005c520     _coder_GetINSCompensateFromVNS_info.obj
 0002:00003558       ??_C@_05PBJFFIGL@floor?$AA@ 000000018005c558     _coder_GetINSCompensateFromVNS_info.obj
 0002:00003560       ??_C@_0EP@NPGEFCIN@?$FLIXE?$FN$matlabroot$?1toolbox?1shared@ 000000018005c560     _coder_GetINSCompensateFromVNS_info.obj
 0002:000035b0       ??_C@_0BO@PIJLCKFJ@coder?4internal?4assertValidDim?$AA@ 000000018005c5b0     _coder_GetINSCompensateFromVNS_info.obj
 0002:000035d0       ??_C@_0EF@MJHDOJL@?$FLILXE?$FN$matlabroot$?1toolbox?1eml?1l@ 000000018005c5d0     _coder_GetINSCompensateFromVNS_info.obj
 0002:00003618       ??_C@_0BF@ILCPNKP@eml_assert_valid_dim?$AA@ 000000018005c618     _coder_GetINSCompensateFromVNS_info.obj
 0002:00003630       ??_C@_0FG@FMPJHKLD@?$FLE?$FNE?3?1document?5and?5program?1progr@ 000000018005c630     _coder_GetINSCompensateFromVNS_info.obj
 0002:00003688       ??_C@_0DI@CDOIINPF@?$FLILXE?$FN$matlabroot$?1toolbox?1eml?1l@ 000000018005c688     _coder_GetINSCompensateFromVNS_info.obj
 0002:000036c0       ??_C@_0EB@KHBHDJEA@?$FLIXE?$FN$matlabroot$?1toolbox?1coder?1@ 000000018005c6c0     _coder_GetINSCompensateFromVNS_info.obj
 0002:00003708       ??_C@_0BH@LFGNGECN@coder?4internal?4isaUint?$AA@ 000000018005c708     _coder_GetINSCompensateFromVNS_info.obj
 0002:00003720       ??_C@_0DN@PMMHPPNL@?$FLILXE?$FN$matlabroot$?1toolbox?1eml?1l@ 000000018005c720     _coder_GetINSCompensateFromVNS_info.obj
 0002:00003760       ??_C@_0N@DLHLLFPN@eml_isa_uint?$AA@ 000000018005c760     _coder_GetINSCompensateFromVNS_info.obj
 0002:00003770       ??_C@_0FG@CILOHBGJ@?$FLE?$FNE?3?1document?5and?5program?1progr@ 000000018005c770     _coder_GetINSCompensateFromVNS_info.obj
 0002:000037d0       ??_C@_0GD@IANFGNPD@?$FLE?$FNE?3?1document?5and?5program?1progr@ 000000018005c7d0     _coder_GetINSCompensateFromVNS_info.obj
 0002:00003840       ??_C@_0EK@KFMFFMEO@?$FLIXE?$FN$matlabroot$?1toolbox?1shared@ 000000018005c840     _coder_GetINSCompensateFromVNS_info.obj
 0002:00003890       ??_C@_0BJ@MCOHGMPE@coder?4internal?4indexPlus?$AA@ 000000018005c890     _coder_GetINSCompensateFromVNS_info.obj
 0002:000038b0       ??_C@_0DP@KEPDCHIB@?$FLILXE?$FN$matlabroot$?1toolbox?1eml?1l@ 000000018005c8b0     _coder_GetINSCompensateFromVNS_info.obj
 0002:000038f0       ??_C@_0P@DJHCLAEH@eml_index_plus?$AA@ 000000018005c8f0     _coder_GetINSCompensateFromVNS_info.obj
 0002:00003900       ??_C@_0FA@NLJKFOCK@?$FLILXE?$FN$matlabroot$?1toolbox?1eml?1l@ 000000018005c900     _coder_GetINSCompensateFromVNS_info.obj
 0002:00003950       ??_C@_0FF@CEIFHLKG@?$FLIXE?$FN$matlabroot$?1toolbox?1shared@ 000000018005c950     _coder_GetINSCompensateFromVNS_info.obj
 0002:000039a8       ??_C@_0CE@FHCAJAMA@coder?4internal?4constNonSingleton@ 000000018005c9a8     _coder_GetINSCompensateFromVNS_info.obj
 0002:000039d0       ??_C@_0EL@PHDBKCJB@?$FLILXE?$FN$matlabroot$?1toolbox?1eml?1l@ 000000018005c9d0     _coder_GetINSCompensateFromVNS_info.obj
 0002:00003a20       ??_C@_0BL@CDOFOJKC@eml_const_nonsingleton_dim?$AA@ 000000018005ca20     _coder_GetINSCompensateFromVNS_info.obj
 0002:00003a40       ??_C@_0EM@LIFKDPLC@?$FLILXE?$FN$matlabroot$?1toolbox?1eml?1l@ 000000018005ca40     _coder_GetINSCompensateFromVNS_info.obj
 0002:00003a90       ??_C@_0DG@GPPKOLMK@?$FLILXE?$FN$matlabroot$?1toolbox?1eml?1l@ 000000018005ca90     _coder_GetINSCompensateFromVNS_info.obj
 0002:00003ad0       ??_C@_0FI@OBOMMJIN@?$FLE?$FNE?3?1document?5and?5program?1progr@ 000000018005cad0     _coder_GetINSCompensateFromVNS_info.obj
 0002:00003b30       ??_C@_0FC@LIEDFNIM@?$FLE?$FNE?3?1document?5and?5program?1progr@ 000000018005cb30     _coder_GetINSCompensateFromVNS_info.obj
 0002:00003b88       ??_C@_0DK@NBBBHAFE@?$FLILXE?$FN$matlabroot$?1toolbox?1eml?1l@ 000000018005cb88     _coder_GetINSCompensateFromVNS_info.obj
 0002:00003bc8       ??_C@_0BA@DMFOHEOD@function_handle?$AA@ 000000018005cbc8     _coder_GetINSCompensateFromVNS_info.obj
 0002:00003bd8       ??_C@_09NODCPLED@eml_relop?$AA@ 000000018005cbd8     _coder_GetINSCompensateFromVNS_info.obj
 0002:00003bf0       ??_C@_0EA@FCCELNDI@?$FLILXE?$FN$matlabroot$?1toolbox?1eml?1l@ 000000018005cbf0     _coder_GetINSCompensateFromVNS_info.obj
 0002:00003c30       ??_C@_0BA@BIKOLOKP@eml_index_minus?$AA@ 000000018005cc30     _coder_GetINSCompensateFromVNS_info.obj
 0002:00003c40       ??_C@_0EP@CIFFBLGH@?$FLILXE?$FN$matlabroot$?1toolbox?1eml?1l@ 000000018005cc40     _coder_GetINSCompensateFromVNS_info.obj
 0002:00003c90       ??_C@_0EH@GFOPMBII@?$FLIXE?$FN$matlabroot$?1toolbox?1coder?1@ 000000018005cc90     _coder_GetINSCompensateFromVNS_info.obj
 0002:00003cd8       ??_C@_0BN@HFHGPCDJ@coder?4internal?4unsignedClass?$AA@ 000000018005ccd8     _coder_GetINSCompensateFromVNS_info.obj
 0002:00003d00       ??_C@_0ED@MLNFPDEJ@?$FLILXE?$FN$matlabroot$?1toolbox?1eml?1l@ 000000018005cd00     _coder_GetINSCompensateFromVNS_info.obj
 0002:00003d48       ??_C@_0BD@CGBDIBJP@eml_unsigned_class?$AA@ 000000018005cd48     _coder_GetINSCompensateFromVNS_info.obj
 0002:00003d60       ??_C@_0FD@FAKKKKHN@?$FLILXE?$FN$matlabroot$?1toolbox?1eml?1l@ 000000018005cd60     _coder_GetINSCompensateFromVNS_info.obj
 0002:00003dc0       ??_C@_0FD@PNHABOJM@?$FLILXE?$FN$matlabroot$?1toolbox?1eml?1l@ 000000018005cdc0     _coder_GetINSCompensateFromVNS_info.obj
 0002:00003e20       ??_C@_0EB@GIBPKMLK@?$FLILXE?$FN$matlabroot$?1toolbox?1eml?1l@ 000000018005ce20     _coder_GetINSCompensateFromVNS_info.obj
 0002:00003e68       ??_C@_0DG@DOKJOMGG@?$FLILXE?$FN$matlabroot$?1toolbox?1eml?1l@ 000000018005ce68     _coder_GetINSCompensateFromVNS_info.obj
 0002:00003ea0       ??_C@_05BCDKEBLL@colon?$AA@ 000000018005cea0     _coder_GetINSCompensateFromVNS_info.obj
 0002:00003ea8       ??_C@_0DI@PBKCBADP@?$FLILXE?$FN$matlabroot$?1toolbox?1eml?1l@ 000000018005cea8     _coder_GetINSCompensateFromVNS_info.obj
 0002:00003ee0       ??_C@_07HBNJHBAD@eml_eps?$AA@ 000000018005cee0     _coder_GetINSCompensateFromVNS_info.obj
 0002:00003ef0       ??_C@_0ED@NGEOFMII@?$FLILXE?$FN$matlabroot$?1toolbox?1eml?1l@ 000000018005cef0     _coder_GetINSCompensateFromVNS_info.obj
 0002:00003f38       ??_C@_0BD@EACIBKCB@eml_is_float_class?$AA@ 000000018005cf38     _coder_GetINSCompensateFromVNS_info.obj
 0002:00003f50       ??_C@_0DG@KPMKIFH@?$FLILXE?$FN$matlabroot$?1toolbox?1eml?1l@ 000000018005cf50     _coder_GetINSCompensateFromVNS_info.obj
 0002:00003f88       ??_C@_03ICKAGFLH@eps?$AA@  000000018005cf88     _coder_GetINSCompensateFromVNS_info.obj
 0002:00003f90       ??_C@_0DK@LKBJFIMJ@?$FLILXE?$FN$matlabroot$?1toolbox?1eml?1l@ 000000018005cf90     _coder_GetINSCompensateFromVNS_info.obj
 0002:00003fd0       ??_C@_07EHHIAKNC@realmin?$AA@ 000000018005cfd0     _coder_GetINSCompensateFromVNS_info.obj
 0002:00003fe0       ??_C@_0FA@FKDHEHEB@?$FLILXE?$FN$matlabroot$?1toolbox?1eml?1l@ 000000018005cfe0     _coder_GetINSCompensateFromVNS_info.obj
 0002:00004030       ??_C@_0FC@OCOGNNKI@?$FLILXE?$FN$matlabroot$?1toolbox?1eml?1l@ 000000018005d030     _coder_GetINSCompensateFromVNS_info.obj
 0002:00004090       ??_C@_0EC@GGHLLNJF@?$FLILXE?$FN$matlabroot$?1toolbox?1eml?1l@ 000000018005d090     _coder_GetINSCompensateFromVNS_info.obj
 0002:000040e0       ??_C@_0EH@CFPLBCIE@?$FLILXE?$FN$matlabroot$?1toolbox?1eml?1l@ 000000018005d0e0     _coder_GetINSCompensateFromVNS_info.obj
 0002:00004128       ??_C@_0DM@OFKNPINF@?$FLILXE?$FN$matlabroot$?1toolbox?1eml?1l@ 000000018005d128     _coder_GetINSCompensateFromVNS_info.obj
 0002:00004168       ??_C@_0DL@FNMKLGPB@?$FLILXE?$FN$matlabroot$?1toolbox?1eml?1l@ 000000018005d168     _coder_GetINSCompensateFromVNS_info.obj
 0002:000041a8       ??_C@_08IPKEJGEO@ismatrix?$AA@ 000000018005d1a8     _coder_GetINSCompensateFromVNS_info.obj
 0002:000041c0       ??_C@_0EA@JPDGJHMG@?$FLE?$FNE?3?1document?5and?5program?1progr@ 000000018005d1c0     _coder_GetINSCompensateFromVNS_info.obj
 0002:00004200       ??_C@_0CP@KLPHHADN@?$FLIXMB?$FN$matlabroot$?1toolbox?1matla@ 000000018005d200     _coder_GetINSCompensateFromVNS_info.obj
 0002:00004230       ??_C@_0DB@JKJKIJDD@?$FLIXE?$FN$matlabroot$?1toolbox?1matlab@ 000000018005d230     _coder_GetINSCompensateFromVNS_info.obj
 0002:00004268       ??_C@_0DC@MHABFIED@?$FLIXMB?$FN$matlabroot$?1toolbox?1matla@ 000000018005d268     _coder_GetINSCompensateFromVNS_info.obj
 0002:000042a0       ??_C@_0DK@OBAOMNNN@?$FLILXE?$FN$matlabroot$?1toolbox?1eml?1l@ 000000018005d2a0     _coder_GetINSCompensateFromVNS_info.obj
 0002:000042dc       ??_C@_05HCKPILGO@cross?$AA@ 000000018005d2dc     _coder_GetINSCompensateFromVNS_info.obj
 0002:000042f0       ??_C@_0FL@OLOFBGGC@?$FLE?$FNE?3?1document?5and?5program?1progr@ 000000018005d2f0     _coder_GetINSCompensateFromVNS_info.obj
 0002:00004350       ??_C@_0FL@NBJACIJH@?$FLE?$FNE?3?1document?5and?5program?1progr@ 000000018005d350     _coder_GetINSCompensateFromVNS_info.obj
 0002:000043b0       ??_C@_0FL@IJDJCLND@?$FLE?$FNE?3?1document?5and?5program?1progr@ 000000018005d3b0     _coder_GetINSCompensateFromVNS_info.obj
 0002:00004410       ??_C@_0EE@DOLKKFLD@?$FLE?$FNE?3?1document?5and?5program?1progr@ 000000018005d410     _coder_GetINSCompensateFromVNS_info.obj
 0002:00004458       ??_C@_0DI@ECPGNJBG@?$FLILXE?$FN$matlabroot$?1toolbox?1eml?1l@ 000000018005d458     _coder_GetINSCompensateFromVNS_info.obj
 0002:00004490       ??_C@_07EDECNBOH@rdivide?$AA@ 000000018005d490     _coder_GetINSCompensateFromVNS_info.obj
 0002:000044a0       ??_C@_0EI@GBCDJGHM@?$FLIXE?$FN$matlabroot$?1toolbox?1coder?1@ 000000018005d4a0     _coder_GetINSCompensateFromVNS_info.obj
 0002:000044e8       ??_C@_0BN@JFNODAMM@coder?4internal?4refblas?4xtrsm?$AA@ 000000018005d4e8     _coder_GetINSCompensateFromVNS_info.obj
 0002:00004510       ??_C@_0EF@DMLAOCIJ@?$FLIXE?$FN$matlabroot$?1toolbox?1coder?1@ 000000018005d510     _coder_GetINSCompensateFromVNS_info.obj
 0002:00004558       ??_C@_0BK@NLGLFBDF@coder?4internal?4blas?4xtrsm?$AA@ 000000018005d558     _coder_GetINSCompensateFromVNS_info.obj
 0002:00004578       ??_C@_0DP@DNACLIEE@?$FLILXE?$FN$matlabroot$?1toolbox?1eml?1l@ 000000018005d578     _coder_GetINSCompensateFromVNS_info.obj
 0002:000045b8       ??_C@_0DM@LEGBPOG@?$FLILXE?$FN$matlabroot$?1toolbox?1eml?1l@ 000000018005d5b8     _coder_GetINSCompensateFromVNS_info.obj
 0002:00004600       ??_C@_0EK@ODGECLPK@?$FLILXE?$FN$matlabroot$?1toolbox?1eml?1l@ 000000018005d600     _coder_GetINSCompensateFromVNS_info.obj
 0002:00004650       ??_C@_0EP@NEOJHNJK@?$FLIXE?$FN$matlabroot$?1toolbox?1coder?1@ 000000018005d650     _coder_GetINSCompensateFromVNS_info.obj
 0002:000046a0       ??_C@_0EI@HDGBKMBB@?$FLIXE?$FN$matlabroot$?1toolbox?1coder?1@ 000000018005d6a0     _coder_GetINSCompensateFromVNS_info.obj
 0002:000046e8       ??_C@_0BN@EJCHDOJL@coder?4internal?4refblas?4xgerx?$AA@ 000000018005d6e8     _coder_GetINSCompensateFromVNS_info.obj
 0002:00004710       ??_C@_0EH@KBLGMBGD@?$FLIXE?$FN$matlabroot$?1toolbox?1coder?1@ 000000018005d710     _coder_GetINSCompensateFromVNS_info.obj
 0002:00004758       ??_C@_0BM@BAKHCPOI@coder?4internal?4refblas?4xger?$AA@ 000000018005d758     _coder_GetINSCompensateFromVNS_info.obj
 0002:00004780       ??_C@_0FE@MKGKBDJM@?$FLIXE?$FN$matlabroot$?1toolbox?1coder?1@ 000000018005d780     _coder_GetINSCompensateFromVNS_info.obj
 0002:000047e0       ??_C@_0EE@FKNJDGJJ@?$FLIXE?$FN$matlabroot$?1toolbox?1coder?1@ 000000018005d7e0     _coder_GetINSCompensateFromVNS_info.obj
 0002:00004828       ??_C@_0BJ@KBEFICAK@coder?4internal?4blas?4xger?$AA@ 000000018005d828     _coder_GetINSCompensateFromVNS_info.obj
 0002:00004850       ??_C@_0EF@NMJIAADJ@?$FLIXE?$FN$matlabroot$?1toolbox?1coder?1@ 000000018005d850     _coder_GetINSCompensateFromVNS_info.obj
 0002:00004898       ??_C@_0BK@LCDMCBCP@coder?4internal?4blas?4xgeru?$AA@ 000000018005d898     _coder_GetINSCompensateFromVNS_info.obj
 0002:000048b8       ??_C@_0DP@NNCKFKPE@?$FLILXE?$FN$matlabroot$?1toolbox?1eml?1l@ 000000018005d8b8     _coder_GetINSCompensateFromVNS_info.obj
 0002:000048f8       ??_C@_0DI@GANAMGFL@?$FLILXE?$FN$matlabroot$?1toolbox?1eml?1l@ 000000018005d8f8     _coder_GetINSCompensateFromVNS_info.obj
 0002:00004930       ??_C@_07KHOFHKNM@eml_div?$AA@ 000000018005d930     _coder_GetINSCompensateFromVNS_info.obj
 0002:00004940       ??_C@_0EB@JMHDJNBF@?$FLILXE?$FN$matlabroot$?1toolbox?1eml?1l@ 000000018005d940     _coder_GetINSCompensateFromVNS_info.obj
 0002:00004988       ??_C@_0P@DEOLODNE@eml_scalar_abs?$AA@ 000000018005d988     _coder_GetINSCompensateFromVNS_info.obj
 0002:000049a0       ??_C@_0EI@EMBKHCOB@?$FLIXE?$FN$matlabroot$?1toolbox?1coder?1@ 000000018005d9a0     _coder_GetINSCompensateFromVNS_info.obj
 0002:000049e8       ??_C@_0BN@PAOOAHOM@coder?4internal?4refblas?4xswap?$AA@ 000000018005d9e8     _coder_GetINSCompensateFromVNS_info.obj
 0002:00004a10       ??_C@_0EF@BBIJAGBE@?$FLIXE?$FN$matlabroot$?1toolbox?1coder?1@ 000000018005da10     _coder_GetINSCompensateFromVNS_info.obj
 0002:00004a58       ??_C@_0BK@LOFLGGBF@coder?4internal?4blas?4xswap?$AA@ 000000018005da58     _coder_GetINSCompensateFromVNS_info.obj
 0002:00004a78       ??_C@_0DP@BADLFMNJ@?$FLILXE?$FN$matlabroot$?1toolbox?1eml?1l@ 000000018005da78     _coder_GetINSCompensateFromVNS_info.obj
 0002:00004ac0       ??_C@_0EA@EDHOBKKJ@?$FLIXE?$FN$matlabroot$?1toolbox?1coder?1@ 000000018005dac0     _coder_GetINSCompensateFromVNS_info.obj
 0002:00004b00       ??_C@_0BG@JKMINDHA@coder?4internal?4c_cast?$AA@ 000000018005db00     _coder_GetINSCompensateFromVNS_info.obj
 0002:00004b20       ??_C@_0EI@JJJCBEEO@?$FLIXE?$FN$matlabroot$?1toolbox?1coder?1@ 000000018005db20     _coder_GetINSCompensateFromVNS_info.obj
 0002:00004b68       ??_C@_0BN@CGMEHGCB@coder?4internal?4blas?4size_ptr?$AA@ 000000018005db68     _coder_GetINSCompensateFromVNS_info.obj
 0002:00004b90       ??_C@_0FD@JMFFBBBK@?$FLIXE?$FN$matlabroot$?1toolbox?1coder?1@ 000000018005db90     _coder_GetINSCompensateFromVNS_info.obj
 0002:00004bf0       ??_C@_0ED@OAENNHHJ@?$FLIXE?$FN$matlabroot$?1toolbox?1coder?1@ 000000018005dbf0     _coder_GetINSCompensateFromVNS_info.obj
 0002:00004c38       ??_C@_0BI@JOLHEMNE@coder?4internal?4blas?4int?$AA@ 000000018005dc38     _coder_GetINSCompensateFromVNS_info.obj
 0002:00004c50       ??_C@_0EJ@CPKHGFLI@?$FLIXE?$FN$matlabroot$?1toolbox?1coder?1@ 000000018005dc50     _coder_GetINSCompensateFromVNS_info.obj
 0002:00004ca0       ??_C@_0BO@JDJEDGOI@coder?4internal?4refblas?4xcabs1?$AA@ 000000018005dca0     _coder_GetINSCompensateFromVNS_info.obj
[...]
 0002:00005f08       ??_C@_0DP@CNCPPFEJ@?$FLILXE?$FN$matlabroot$?1toolbox?1eml?1l@ 000000018005ef08     _coder_GetINSCompensateFromVNS_info.obj
 0002:00005f50       ??_C@_0FG@IGAGAIDK@?$FLILXE?$FN$matlabroot$?1toolbox?1eml?1l@ 000000018005ef50     _coder_GetINSCompensateFromVNS_info.obj
 0002:00005fb0       ??_C@_0FN@JBHKDMNH@?$FLE?$FNE?3?1document?5and?5program?1progr@ 000000018005efb0     _coder_GetINSCompensateFromVNS_info.obj
 0002:00006010       ??_C@_0FI@BKOLEDEH@?$FLE?$FNE?3?1document?5and?5program?1progr@ 000000018005f010     _coder_GetINSCompensateFromVNS_info.obj
 0002:00006070       ??_C@_0ED@DLMKEIEI@?$FLILXE?$FN$matlabroot$?1toolbox?1eml?1l@ 000000018005f070     _coder_GetINSCompensateFromVNS_info.obj
 0002:000060b8       ??_C@_0BB@MHDGCEOD@eml_scalar_round?$AA@ 000000018005f0b8     _coder_GetINSCompensateFromVNS_info.obj
 0002:000060d0       ??_C@_0DP@MAHEJPGM@?$FLILXE?$FN$matlabroot$?1toolbox?1eml?1l@ 000000018005f0d0     _coder_GetINSCompensateFromVNS_info.obj
 0002:00006110       ??_C@_0DG@CNGGIACG@?$FLILXE?$FN$matlabroot$?1toolbox?1eml?1l@ 000000018005f110     _coder_GetINSCompensateFromVNS_info.obj
 0002:00006148       ??_C@_03FFONCNID@mod?$AA@  000000018005f148     _coder_GetINSCompensateFromVNS_info.obj
 0002:00006150       ??_C@_0FN@CLHIDLNF@?$FLE?$FNE?3?1document?5and?5program?1progr@ 000000018005f150     _coder_GetINSCompensateFromVNS_info.obj
 0002:000061b0       ??_C@_0EJ@JGDJGLCL@?$FLE?$FNE?3?1document?5and?5program?1progr@ 000000018005f1b0     _coder_GetINSCompensateFromVNS_info.obj
 0002:00006200       ??_C@_0BA@FCAKAOIA@MakeEuler_In2Pi?$AA@ 000000018005f200     _coder_GetINSCompensateFromVNS_info.obj
 0002:00006210       ??_C@_0EC@LGAALHCF@?$FLILXE?$FN$matlabroot$?1toolbox?1eml?1l@ 000000018005f210     _coder_GetINSCompensateFromVNS_info.obj
 0002:00006258       ??_C@_0BA@IDOAKNFL@eml_scalar_asin?$AA@ 000000018005f258     _coder_GetINSCompensateFromVNS_info.obj
 0002:00006268       ??_C@_0DH@KAJPPBBG@?$FLILXE?$FN$matlabroot$?1toolbox?1eml?1l@ 000000018005f268     _coder_GetINSCompensateFromVNS_info.obj
 0002:000062a0       ??_C@_0ED@NKAGKGEH@?$FLILXE?$FN$matlabroot$?1toolbox?1eml?1l@ 000000018005f2a0     _coder_GetINSCompensateFromVNS_info.obj
 0002:000062e8       ??_C@_0BB@GGNOMIFP@eml_scalar_atan2?$AA@ 000000018005f2e8     _coder_GetINSCompensateFromVNS_info.obj
 0002:00006300       ??_C@_0BK@CHFNFNDL@coder?4internal?4blas?4xgemm?$AA@ 000000018005f300     _coder_GetINSCompensateFromVNS_info.obj
 0002:00006320       ??_C@_0DP@KKDHCFNH@?$FLILXE?$FN$matlabroot$?1toolbox?1eml?1l@ 000000018005f320     _coder_GetINSCompensateFromVNS_info.obj
 0002:00006360       ??_C@_09IEIJHMLN@eml_xgemm?$AA@ 000000018005f360     _coder_GetINSCompensateFromVNS_info.obj
 0002:00006370       ??_C@_0EB@HMOIANG@?$FLILXE?$FN$matlabroot$?1toolbox?1eml?1l@ 000000018005f370     _coder_GetINSCompensateFromVNS_info.obj
 0002:000063b8       ??_C@_0P@DNMCPPDN@eml_scalar_sin?$AA@ 000000018005f3b8     _coder_GetINSCompensateFromVNS_info.obj
 0002:000063c8       ??_C@_0DG@PEEHPGAJ@?$FLILXE?$FN$matlabroot$?1toolbox?1eml?1l@ 000000018005f3c8     _coder_GetINSCompensateFromVNS_info.obj
 0002:00006400       ??_C@_03BLEJJJBH@sin?$AA@  000000018005f400     _coder_GetINSCompensateFromVNS_info.obj
 0002:00006410       ??_C@_0EB@CJCLPIKP@?$FLILXE?$FN$matlabroot$?1toolbox?1eml?1l@ 000000018005f410     _coder_GetINSCompensateFromVNS_info.obj
 0002:00006458       ??_C@_0P@JGDKLIAM@eml_scalar_cos?$AA@ 000000018005f458     _coder_GetINSCompensateFromVNS_info.obj
 0002:00006468       ??_C@_0DG@NKKCIOHA@?$FLILXE?$FN$matlabroot$?1toolbox?1eml?1l@ 000000018005f468     _coder_GetINSCompensateFromVNS_info.obj
 0002:000064a0       ??_C@_03LALBNOCG@cos?$AA@  000000018005f4a0     _coder_GetINSCompensateFromVNS_info.obj
 0002:000064b0       ??_C@_0EG@JCGPDCOE@?$FLE?$FNE?3?1document?5and?5program?1progr@ 000000018005f4b0     _coder_GetINSCompensateFromVNS_info.obj
 0002:000064f8       ??_C@_07CONEHCNF@RotateZ?$AA@ 000000018005f4f8     _coder_GetINSCompensateFromVNS_info.obj
 0002:00006500       ??_C@_0EC@JIOFMPFM@?$FLILXE?$FN$matlabroot$?1toolbox?1eml?1l@ 000000018005f500     _coder_GetINSCompensateFromVNS_info.obj
 0002:00006548       ??_C@_0BA@CIBIOKGK@eml_scalar_acos?$AA@ 000000018005f548     _coder_GetINSCompensateFromVNS_info.obj
 0002:00006558       ??_C@_0DN@CKCGGLGK@?$FLIXE?$FN$matlabroot$?1toolbox?1coder?1@ 000000018005f558     _coder_GetINSCompensateFromVNS_info.obj
 0002:00006598       ??_C@_0BD@JLGMKPKJ@coder?4internal?4div?$AA@ 000000018005f598     _coder_GetINSCompensateFromVNS_info.obj
 0002:000065b0       ??_C@_0EH@ELBOGDPJ@?$FLILXE?$FN$matlabroot$?1toolbox?1eml?1l@ 000000018005f5b0     _coder_GetINSCompensateFromVNS_info.obj
 0002:000065f8       ??_C@_0BH@LFDIDDBI@eml_scalexp_compatible?$AA@ 000000018005f5f8     _coder_GetINSCompensateFromVNS_info.obj
 0002:00006610       ??_C@_0DM@IBJBHDMD@?$FLILXE?$FN$matlabroot$?1toolbox?1eml?1l@ 000000018005f610     _coder_GetINSCompensateFromVNS_info.obj
 0002:00006650       ??_C@_0M@BEAOLJKK@eml_realmin?$AA@ 000000018005f650     _coder_GetINSCompensateFromVNS_info.obj
 0002:00006660       ??_C@_0EI@OODDGDOL@?$FLIXE?$FN$matlabroot$?1toolbox?1coder?1@ 000000018005f660     _coder_GetINSCompensateFromVNS_info.obj
 0002:000066a8       ??_C@_0BN@JEBFHAAO@coder?4internal?4refblas?4xnrm2?$AA@ 000000018005f6a8     _coder_GetINSCompensateFromVNS_info.obj
 0002:000066c8       ??_C@_0BK@NKKABBPH@coder?4internal?4blas?4xnrm2?$AA@ 000000018005f6c8     _coder_GetINSCompensateFromVNS_info.obj
 0002:000066f0       ??_C@_0EB@LHHEBOLO@?$FLILXE?$FN$matlabroot$?1toolbox?1eml?1l@ 000000018005f6f0     _coder_GetINSCompensateFromVNS_info.obj
 0002:00006740       ??_C@_0EI@GMFCGAEK@?$FLIXE?$FN$matlabroot$?1toolbox?1coder?1@ 000000018005f740     _coder_GetINSCompensateFromVNS_info.obj
 0002:00006788       ??_C@_0BN@GFLHNIJN@coder?4internal?4refblas?4xdotx?$AA@ 000000018005f788     _coder_GetINSCompensateFromVNS_info.obj
 0002:000067b0       ??_C@_0EH@EIPJPELA@?$FLIXE?$FN$matlabroot$?1toolbox?1coder?1@ 000000018005f7b0     _coder_GetINSCompensateFromVNS_info.obj
 0002:000067f8       ??_C@_0BM@FJNPKCFG@coder?4internal?4refblas?4xdot?$AA@ 000000018005f7f8     _coder_GetINSCompensateFromVNS_info.obj
 0002:00006820       ??_C@_0FE@LGAHCLAC@?$FLIXE?$FN$matlabroot$?1toolbox?1coder?1@ 000000018005f820     _coder_GetINSCompensateFromVNS_info.obj
 0002:00006880       ??_C@_0EE@LDJGADEK@?$FLIXE?$FN$matlabroot$?1toolbox?1coder?1@ 000000018005f880     _coder_GetINSCompensateFromVNS_info.obj
 0002:000068c8       ??_C@_0BJ@OIDNAPLE@coder?4internal?4blas?4xdot?$AA@ 000000018005f8c8     _coder_GetINSCompensateFromVNS_info.obj
 0002:000068f0       ??_C@_0EF@MDKLMMGC@?$FLIXE?$FN$matlabroot$?1toolbox?1coder?1@ 000000018005f8f0     _coder_GetINSCompensateFromVNS_info.obj
 0002:00006938       ??_C@_0BK@JOKMMHCJ@coder?4internal?4blas?4xdotu?$AA@ 000000018005f938     _coder_GetINSCompensateFromVNS_info.obj
 0002:00006958       ??_C@_0DP@MCBJJGKP@?$FLILXE?$FN$matlabroot$?1toolbox?1eml?1l@ 000000018005f958     _coder_GetINSCompensateFromVNS_info.obj
 0002:00006998       ??_C@_09DNHIOGKP@eml_xdotu?$AA@ 000000018005f998     _coder_GetINSCompensateFromVNS_info.obj
 0002:000069b0       ??_C@_0FA@MPDEEPKJ@?$FLILXE?$FN$matlabroot$?1toolbox?1eml?1l@ 000000018005f9b0     _coder_GetINSCompensateFromVNS_info.obj
 0002:00006a00       ??_C@_0GA@NAOBLOPF@?$FLE?$FNE?3?1document?5and?5program?1progr@ 000000018005fa00     _coder_GetINSCompensateFromVNS_info.obj
 0002:00006a60       ??_C@_0BD@HHDLNBMB@8?43?40?4532?5?$CIR2014a?$CJ?$AA@ 000000018005fa60     _coder_GetINSCompensateFromVNS_info.obj
 0002:00006a78       __real@4014000000000000    000000018005fa78     _coder_GetINSCompensateFromVNS_info.obj
 0002:00006a80       ??_C@_0P@FDPDNMBC@ConstantInputs?$AA@ 000000018005fa80     _coder_GetINSCompensateFromVNS_info.obj
 0002:00006a90       ??_C@_0BA@HBLCOFA@NumberOfOutputs?$AA@ 000000018005fa90     _coder_GetINSCompensateFromVNS_info.obj
 0002:00006aa0       ??_C@_0P@DJPKAEOC@NumberOfInputs?$AA@ 000000018005faa0     _coder_GetINSCompensateFromVNS_info.obj
 0002:00006ab0       ??_C@_04FABLJDN@Name?$AA@  000000018005fab0     _coder_GetINSCompensateFromVNS_info.obj
 0002:00006ab8       ??_C@_0N@HPEKDNOD@CoverageInfo?$AA@ 000000018005fab8     _coder_GetINSCompensateFromVNS_info.obj
 0002:00006ac8       ??_C@_0M@HOOGCLMJ@EntryPoints?$AA@ 000000018005fac8     _coder_GetINSCompensateFromVNS_info.obj
 0002:00006ad8       ??_C@_0BC@PFKIGKIM@ResolvedFunctions?$AA@ 000000018005fad8     _coder_GetINSCompensateFromVNS_info.obj
 0002:00006af0       ??_C@_07NGFJPNPN@Version?$AA@ 000000018005faf0     _coder_GetINSCompensateFromVNS_info.obj
 0002:00006af8       _pRawDllMain               000000018005faf8     MSVCRT:crtdll.obj
 0002:00006af8       _pDefaultRawDllMain        000000018005faf8     MSVCRT:crtdll.obj
 0002:00006b10       __rtc_iaa                  000000018005fb10     MSVCRT:_initsect_.obj
 0002:00006b18       __rtc_izz                  000000018005fb18     MSVCRT:_initsect_.obj
 0002:00006b20       __rtc_taa                  000000018005fb20     MSVCRT:_initsect_.obj
 0002:00006b28       __rtc_tzz                  000000018005fb28     MSVCRT:_initsect_.obj
 0002:0000772c       __IMPORT_DESCRIPTOR_libmx  000000018006072c     libmx:libmx.dll
 0002:00007740       __IMPORT_DESCRIPTOR_libmex 0000000180060740     libmex:libmex.dll
 0002:00007754       __IMPORT_DESCRIPTOR_libemlrt 0000000180060754     libemlrt:libemlrt.dll
 0002:00007768       __IMPORT_DESCRIPTOR_libmwblas 0000000180060768     libmwblas:libmwblas.dll
 0002:0000777c       __IMPORT_DESCRIPTOR_libmwmathutil 000000018006077c     libmwmathutil:libmwmathutil.dll
 0002:00007790       __IMPORT_DESCRIPTOR_MSVCR100 0000000180060790     MSVCRT:MSVCR100.dll
 0002:000077a4       __IMPORT_DESCRIPTOR_KERNEL32 00000001800607a4     kernel32:KERNEL32.dll
 0002:000077b8       __NULL_IMPORT_DESCRIPTOR   00000001800607b8     libmx:libmx.dll
 0003:000029d0       ?emlrtContextGlobal@@3UemlrtContext@@A 00000001800649d0     _coder_GetINSCompensateFromVNS_mex.obj
 0003:00002a10       _fltused                   0000000180064a10     MSVCRT:dllsupp.obj
 0003:00002a18       __security_cookie          0000000180064a18     MSVCRT:gs_cookie.obj
 0003:00002a20       __security_cookie_complement 0000000180064a20     MSVCRT:gs_cookie.obj
 0003:00002a30       __native_dllmain_reason    0000000180064a30     MSVCRT:natstart.obj
 0003:00002a34       __native_vcclrit_reason    0000000180064a34     MSVCRT:natstart.obj
 0003:00002a40       ?CalEndVN@@3NA             0000000180064a40     GetINSCompensateFromVNS.obj
 0003:00002a48       ?CalStartVN@@3NA           0000000180064a48     GetINSCompensateFromVNS.obj
 0003:00002a50       ?VisionData_inertial_k@@3PANA 0000000180064a50     GetINSCompensateFromVNS.obj
 0003:00009ad0       ?CalEndIN_dirty@@3IA       000000018006bad0     GetINSCompensateFromVNS.obj
 0003:00009ad4       ?CalStartIN_dirty@@3IA     000000018006bad4     GetINSCompensateFromVNS.obj
 0003:00009ad8       ?CalEndIN@@3NA             000000018006bad8     GetINSCompensateFromVNS.obj
 0003:00036ae0       ?CalStartIN@@3NA           0000000180098ae0     GetINSCompensateFromVNS.obj
 0003:00036ae8       ?CalStartVN_dirty@@3IA     0000000180098ae8     GetINSCompensateFromVNS.obj
 0003:0003db70       ?IsGetFirstMarker_dirty@@3IA 000000018009fb70     GetINSCompensateFromVNS.obj
 0003:0003db74       ?InertialData_visual_k_dirty@@3IA 000000018009fb74     GetINSCompensateFromVNS.obj
 0003:0003db78       ?inertialFre_dirty@@3IA    000000018009fb78     GetINSCompensateFromVNS.obj
 0003:00052d40       ?c_GetINSCompensateFromVNSStackD@@3PEAUd_GetINSCompensateFromVNSStackD@@EA 00000001800b4d40     GetINSCompensateFromVNS.obj
 0003:00052d48       ?VisionData_inertial_k_dirty@@3IA 00000001800b4d48     GetINSCompensateFromVNS.obj
 0003:00075fd0       ?IsOnLine@@3NA             00000001800d7fd0     GetINSCompensateFromVNS.obj
 0003:00075fe0       ?inertialFre@@3NA          00000001800d7fe0     GetINSCompensateFromVNS.obj
 0003:00075fe8       ?CalEndVN_dirty@@3IA       00000001800d7fe8     GetINSCompensateFromVNS.obj
 0003:00075ff0       ?InertialData_visual_k@@3PANA 00000001800d7ff0     GetINSCompensateFromVNS.obj
 0003:0008c868       ?IsOnLine_dirty@@3IA       00000001800ee868     GetINSCompensateFromVNS.obj
 0003:000d0390       ?visionFre@@3NA            0000000180132390     GetINSCompensateFromVNS.obj
 0003:000d0398       ?visionFre_dirty@@3IA      0000000180132398     GetINSCompensateFromVNS.obj
 0003:001c7bb0       ?IsGetFirstMarker@@3NA     0000000180229bb0     GetINSCompensateFromVNS.obj
 0003:001c7bb8       ?emlrtRootTLSGlobal@@3PEAXEA 0000000180229bb8     _coder_GetINSCompensateFromVNS_mex.obj
 0003:001c8140       ?__type_info_root_node@@3U__type_info_node@@A 000000018022a140     MSVCRT:tncleanup.obj
 0003:001c8150       __native_startup_state     000000018022a150     <common>
 0003:001c8158       __native_startup_lock      000000018022a158     <common>
 0003:001c8160       __onexitend                000000018022a160     <common>
 0003:001c8168       __onexitbegin              000000018022a168     <common>
 0003:001c8170       __dyn_tls_init_callback    000000018022a170     <common>

 entry point at        0001:00056c88

 Static symbols

 0001:00000ad0       ?CompensateSecond@@YAXPEBUemlrtStack@@QEAUstruct1_T@@QEBN@Z 0000000180001ad0 f   GetINSCompensateFromVNS.obj
 0001:00000cc0       ?GetEmpty_otherMakers@@YAXNHCQEBN0000PEAUsDbo8t4Nd8yg93BzqquZf8D@@@Z 0000000180001cc0 f   GetINSCompensateFromVNS.obj
 0001:00000f50       ?GetRightOtherMaker_init@@YAXXZ 0000000180001f50 f   GetINSCompensateFromVNS.obj
 0001:00001020       ?MakeEuler_In2Pi@@YAXPEBUemlrtStack@@QEAN@Z 0000000180002020 f   GetINSCompensateFromVNS.obj
 0001:000011a0       ?VNSCompensateINS@@YAXPEBUemlrtStack@@NQEBN11QEAN2@Z 00000001800021a0 f   GetINSCompensateFromVNS.obj
 0001:00001d70       ?b_mod@@YANNN@Z            0000000180002d70 f   GetINSCompensateFromVNS.obj
 0001:00001e60       ?d_emlrt_marshallOut@@YAPEBUmxArray_tag@@QEBN@Z 0000000180002e60 f   GetINSCompensateFromVNS.obj
 0001:00001ed0       ?e_emlrt_marshallOut@@YAPEBUmxArray_tag@@QEBUstruct1_T@@@Z 0000000180002ed0 f   GetINSCompensateFromVNS.obj
 0001:00002760       ?eml_xnrm2@@YANPEBUemlrtStack@@HQEBNQEBHH@Z 0000000180003760 f   GetINSCompensateFromVNS.obj
 0001:00002850       ?emxEnsureCapacity@@YAXPEBUemlrtStack@@PEAUemxArray__common@@HHPEBUemlrtRTEInfo@@@Z 0000000180003850 f   GetINSCompensateFromVNS.obj
 0001:00002950       ?emxFree_real_T@@YAXPEAPEAUemxArray_real_T@@@Z 0000000180003950 f   GetINSCompensateFromVNS.obj
 0001:000029a0       ?normest@@YANQEBN@Z        00000001800039a0 f   GetINSCompensateFromVNS.obj
 0001:00002af0       ?BodyDirection2Cr_r1@@YAXPEBUemlrtStack@@QEBNQEAN@Z 0000000180003af0 f   GetINSCompensateFromVNS.obj
 0001:00002c80       ?C2Q@@YAXPEBUemlrtStack@@QEBNQEAN@Z 0000000180003c80 f   GetINSCompensateFromVNS.obj
 0001:00002f90       ?CalVelocity@@YAXPEBUemlrtStack@@QEBNNNQEANQEAHPEAN@Z 0000000180003f90 f   GetINSCompensateFromVNS.obj
 0001:000034b0       ?CalibDataDistanceJudge@@YAXPEBUemlrtStack@@QEBNNNPEAN2@Z 00000001800044b0 f   GetINSCompensateFromVNS.obj
 0001:00003660       ?GetINSCompensateFromVNS_once@@YAXXZ 0000000180004660 f   GetINSCompensateFromVNS.obj
 0001:000037c0       ?JudgeIsCalibDataEnough@@YAXPEBUemlrtStack@@QEBNN1PEANQEANQEAH@Z 00000001800047c0 f   GetINSCompensateFromVNS.obj
 0001:00004660       ?PreProcess@@YAXPEBUemlrtStack@@QEAUstruct1_T@@QEBN@Z 0000000180005660 f   GetINSCompensateFromVNS.obj
 0001:00004a20       ?SearchCalibData@@YAXPEBUemlrtStack@@QEANNQEBN2NPEAN31QEAH@Z 0000000180005a20 f   GetINSCompensateFromVNS.obj
 0001:000054b0       ?Track_dT_Judge@@YAXPEBUemlrtStack@@QEBN11HH11QEANQEAHPEAN44444@Z 00000001800064b0 f   GetINSCompensateFromVNS.obj
 0001:00005d70       ?b_CalVelocity@@YAXPEBUemlrtStack@@QEBNNNQEANQEAHPEAN@Z 0000000180006d70 f   GetINSCompensateFromVNS.obj
 0001:00006290       ?b_check_forloop_overflow_error@@YAXPEBUemlrtStack@@@Z 0000000180007290 f   GetINSCompensateFromVNS.obj
 0001:00006480       ?b_eml_warning@@YAXPEBUemlrtStack@@NQEBD@Z 0000000180007480 f   GetINSCompensateFromVNS.obj
 0001:00006650       ?b_repmat@@YAXPEBUemlrtStack@@QEBNHPEAUemxArray_real_T@@@Z 0000000180007650 f   GetINSCompensateFromVNS.obj
 0001:00006820       ?check_forloop_overflow_error@@YAXPEBUemlrtStack@@@Z 0000000180007820 f   GetINSCompensateFromVNS.obj
 0001:000069f0       ?eml_matlab_zlarf@@YAXPEBUemlrtStack@@HHHNQEANQEAHHH1@Z 00000001800079f0 f   GetINSCompensateFromVNS.obj
 0001:00006f00       ?eml_warning@@YAXPEBUemlrtStack@@@Z 0000000180007f00 f   GetINSCompensateFromVNS.obj
 0001:00007080       ?eml_xswap@@YAXPEBUemlrtStack@@HQEANQEAHHH@Z 0000000180008080 f   GetINSCompensateFromVNS.obj
 0001:000072a0       ?l_emlrt_marshallIn@@YAXPEBUemlrtStack@@PEBUmxArray_tag@@PEBUemlrtMsgIdentifier@@QEAUstruct1_T@@@Z 00000001800082a0 f   GetINSCompensateFromVNS.obj
 0001:00007a00       ?ContinuesJudge@@YANPEBUemlrtStack@@PEAUstruct1_T@@QEBNQEBHHN22222NN@Z 0000000180008a00 f   GetINSCompensateFromVNS.obj
 0001:00008fb0       ?Q2C@@YAXPEBUemlrtStack@@QEBNQEAN@Z 0000000180009fb0 f   GetINSCompensateFromVNS.obj
 0001:00009340       ?Q2Euler@@YAXPEBUemlrtStack@@QEBNQEAN@Z 000000018000a340 f   GetINSCompensateFromVNS.obj
 0001:00009580       ?Track_High_Judge@@YAXPEBUemlrtStack@@PEAUstruct1_T@@HQEBNNNPEAN33@Z 000000018000a580 f   GetINSCompensateFromVNS.obj
 0001:0000a0b0       ?d_emlrt_marshallIn@@YAXPEBUemlrtStack@@PEBUmxArray_tag@@PEBUemlrtMsgIdentifier@@PEAUstruct0_T@@@Z 000000018000b0b0 f   GetINSCompensateFromVNS.obj
 0001:0000a590       ?eml_lusolve@@YAXPEBUemlrtStack@@QEBNQEANQEAH@Z 000000018000b590 f   GetINSCompensateFromVNS.obj
 0001:0000abd0       ?eml_qrsolve@@YAXPEBUemlrtStack@@QEBNQEBHQEANQEAH3@Z 000000018000bbd0 f   GetINSCompensateFromVNS.obj
 0001:0000c040       ?INSVNSCalib@@YAXPEBUemlrtStack@@QEBNN1QEBH1QEAN@Z 000000018000d040 f   GetINSCompensateFromVNS.obj
 0001:0000d6f0       ?JudgeMaker@@YAXPEBUemlrtStack@@PEAUstruct1_T@@QEBNQEBHHN2222NH22HPEBUc_struct_T@@QEANQEAHPEANPEAUb_struct_T@@@Z 000000018000e6f0 f   GetINSCompensateFromVNS.obj
 0001:0000ebe0       ?GetRightOtherMaker@@YAXPEBUemlrtStack@@QEAUstruct1_T@@QEBNQEAN@Z 000000018000fbe0 f   GetINSCompensateFromVNS.obj
 0001:00011100       ?GetINSCompensateFromVNS_mexFunction@@YAXHQEAPEAUmxArray_tag@@HQEAPEBU1@@Z 0000000180012100 f   _coder_GetINSCompensateFromVNS_mex.obj
 0001:000112c0       b_emlrt_marshallOut        00000001800122c0 f   _coder_GetINSCompensateFromVNS_info.obj
 0001:00011320       b_info_helper              0000000180012320 f   _coder_GetINSCompensateFromVNS_info.obj
 0001:0001a500       c_info_helper              000000018001b500 f   _coder_GetINSCompensateFromVNS_info.obj
 0001:00023bf0       d_info_helper              0000000180024bf0 f   _coder_GetINSCompensateFromVNS_info.obj
 0001:0002d2f0       e_info_helper              000000018002e2f0 f   _coder_GetINSCompensateFromVNS_info.obj
 0001:000369d0       f_info_helper              00000001800379d0 f   _coder_GetINSCompensateFromVNS_info.obj
 0001:000400b0       g_info_helper              00000001800410b0 f   _coder_GetINSCompensateFromVNS_info.obj
 0001:00049790       h_info_helper              000000018004a790 f   _coder_GetINSCompensateFromVNS_info.obj
 0001:0004d180       info_helper                000000018004e180 f   _coder_GetINSCompensateFromVNS_info.obj
 0001:00056890       pre_c_init                 0000000180057890 f   MSVCRT:crtdll.obj
 0001:00056b4c       __DllMainCRTStartup        0000000180057b4c f   MSVCRT:crtdll.obj
 0001:00057150       __DllMainCRTStartup$filt$0 0000000180058150 f   MSVCRT:crtdll.obj
 0001:00057180       __DllMainCRTStartup$fin$1  0000000180058180 f   MSVCRT:crtdll.obj
 0001:0005719a       _onexit$fin$0              000000018005819a f   MSVCRT:atonexit.obj
 0001:000571c0       _IsNonwritableInCurrentImage$filt$0 00000001800581c0 f   MSVCRT:pesect.obj
